2026-10-06 12:11:06,505 [INFO] Activator:176 - 


2026-10-06 12:11:06,509 [INFO] Activator:177 - !SESSION log4j initialized
2026-10-06 12:11:09,463 [INFO] LogOutputStream:77 - [STDOUT_REDIRECT] 
2026-10-06 12:11:16,015 [ERROR] LogOutputStream:75 - [STDERR_REDIRECT] java.net.URISyntaxException: Illegal character in path at index 32: file:/home/akhilesh/Documents/MY EMBEDDED PROJECTS/BARE METAL DEVELOPMET/.metadata/.log4j2.xml
2026-10-06 12:11:16,015 [ERROR] LogOutputStream:75 - [STDERR_REDIRECT] 	at java.base/java.net.URI$Parser.fail(URI.java:2995)
2026-10-06 12:11:16,016 [ERROR] LogOutputStream:75 - [STDERR_REDIRECT] 	at java.base/java.net.URI$Parser.checkChars(URI.java:3166)
2026-10-06 12:11:16,016 [ERROR] LogOutputStream:75 - [STDERR_REDIRECT] 	at java.base/java.net.URI$Parser.parseHierarchical(URI.java:3248)
2026-10-06 12:11:16,018 [ERROR] LogOutputStream:75 - [STDERR_REDIRECT] 	at java.base/java.net.URI$Parser.parse(URI.java:3196)
2026-10-06 12:11:16,020 [ERROR] LogOutputStream:75 - [STDERR_REDIRECT] 	at java.base/java.net.URI.<init>(URI.java:645)
2026-10-06 12:11:16,023 [ERROR] LogOutputStream:75 - [STDERR_REDIRECT] 	at java.base/java.net.URL.toURI(URL.java:1220)
2026-10-06 12:11:16,026 [ERROR] LogOutputStream:75 - [STDERR_REDIRECT] 	at com.st.stm32cube.common.mx.core.CubeMxInstance.getInstance(CubeMxInstance.java:81)
2026-10-06 12:11:16,028 [ERROR] LogOutputStream:75 - [STDERR_REDIRECT] 	at com.st.stm32cube.common.mx.targetselector.TargetSelectorAdapter.addTargetSelector(TargetSelectorAdapter.java:170)
2026-10-06 12:11:16,031 [ERROR] LogOutputStream:75 - [STDERR_REDIRECT] 	at com.st.stm32cube.common.projectcreation.ui.wizard.TargetSetupPageAbstract.createControl(TargetSetupPageAbstract.java:131)
2026-10-06 12:11:16,034 [ERROR] LogOutputStream:75 - [STDERR_REDIRECT] 	at org.eclipse.jface.wizard.Wizard.createPageControls(Wizard.java:180)
2026-10-06 12:11:16,038 [ERROR] LogOutputStream:75 - [STDERR_REDIRECT] 	at org.eclipse.jface.wizard.WizardDialog.createPageControls(WizardDialog.java:744)
2026-10-06 12:11:16,038 [ERROR] LogOutputStream:75 - [STDERR_REDIRECT] 	at org.eclipse.jface.wizard.WizardDialog.createContents(WizardDialog.java:637)
2026-10-06 12:11:16,039 [ERROR] LogOutputStream:75 - [STDERR_REDIRECT] 	at org.eclipse.jface.window.Window.create(Window.java:431)
2026-10-06 12:11:16,040 [ERROR] LogOutputStream:75 - [STDERR_REDIRECT] 	at org.eclipse.jface.dialogs.Dialog.create(Dialog.java:1092)
2026-10-06 12:11:16,040 [ERROR] LogOutputStream:75 - [STDERR_REDIRECT] 	at org.eclipse.ui.internal.actions.NewWizardShortcutAction.run(NewWizardShortcutAction.java:119)
2026-10-06 12:11:16,040 [ERROR] LogOutputStream:75 - [STDERR_REDIRECT] 	at org.eclipse.jface.action.Action.runWithEvent(Action.java:474)
2026-10-06 12:11:16,041 [ERROR] LogOutputStream:75 - [STDERR_REDIRECT] 	at org.eclipse.jface.action.ActionContributionItem.handleWidgetSelection(ActionContributionItem.java:581)
2026-10-06 12:11:16,041 [ERROR] LogOutputStream:75 - [STDERR_REDIRECT] 	at org.eclipse.jface.action.ActionContributionItem.lambda$4(ActionContributionItem.java:415)
2026-10-06 12:11:16,042 [ERROR] LogOutputStream:75 - [STDERR_REDIRECT] 	at org.eclipse.swt.widgets.EventTable.sendEvent(EventTable.java:91)
2026-10-06 12:11:16,042 [ERROR] LogOutputStream:75 - [STDERR_REDIRECT] 	at org.eclipse.swt.widgets.Display.sendEvent(Display.java:5855)
2026-10-06 12:11:16,042 [ERROR] LogOutputStream:75 - [STDERR_REDIRECT] 	at org.eclipse.swt.widgets.Widget.sendEvent(Widget.java:1617)
2026-10-06 12:11:16,043 [ERROR] LogOutputStream:75 - [STDERR_REDIRECT] 	at org.eclipse.swt.widgets.Display.runDeferredEvents(Display.java:5065)
2026-10-06 12:11:16,043 [ERROR] LogOutputStream:75 - [STDERR_REDIRECT] 	at org.eclipse.swt.widgets.Display.readAndDispatch(Display.java:4517)
2026-10-06 12:11:16,044 [ERROR] LogOutputStream:75 - [STDERR_REDIRECT] 	at org.eclipse.e4.ui.internal.workbench.swt.PartRenderingEngine$5.run(PartRenderingEngine.java:1151)
2026-10-06 12:11:16,044 [ERROR] LogOutputStream:75 - [STDERR_REDIRECT] 	at org.eclipse.core.databinding.observable.Realm.runWithDefault(Realm.java:339)
2026-10-06 12:11:16,044 [ERROR] LogOutputStream:75 - [STDERR_REDIRECT] 	at org.eclipse.e4.ui.internal.workbench.swt.PartRenderingEngine.run(PartRenderingEngine.java:1042)
2026-10-06 12:11:16,045 [ERROR] LogOutputStream:75 - [STDERR_REDIRECT] 	at org.eclipse.e4.ui.internal.workbench.E4Workbench.createAndRunUI(E4Workbench.java:153)
2026-10-06 12:11:16,045 [ERROR] LogOutputStream:75 - [STDERR_REDIRECT] 	at org.eclipse.ui.internal.Workbench.lambda$3(Workbench.java:639)
2026-10-06 12:11:16,045 [ERROR] LogOutputStream:75 - [STDERR_REDIRECT] 	at org.eclipse.core.databinding.observable.Realm.runWithDefault(Realm.java:339)
2026-10-06 12:11:16,046 [ERROR] LogOutputStream:75 - [STDERR_REDIRECT] 	at org.eclipse.ui.internal.Workbench.createAndRunWorkbench(Workbench.java:546)
2026-10-06 12:11:16,046 [ERROR] LogOutputStream:75 - [STDERR_REDIRECT] 	at org.eclipse.ui.PlatformUI.createAndRunWorkbench(PlatformUI.java:173)
2026-10-06 12:11:16,046 [ERROR] LogOutputStream:75 - [STDERR_REDIRECT] 	at org.eclipse.ui.internal.ide.application.IDEApplication.start(IDEApplication.java:152)
2026-10-06 12:11:16,046 [ERROR] LogOutputStream:75 - [STDERR_REDIRECT] 	at org.eclipse.equinox.internal.app.EclipseAppHandle.run(EclipseAppHandle.java:208)
2026-10-06 12:11:16,047 [ERROR] LogOutputStream:75 - [STDERR_REDIRECT] 	at org.eclipse.core.runtime.internal.adaptor.EclipseAppLauncher.runApplication(EclipseAppLauncher.java:143)
2026-10-06 12:11:16,047 [ERROR] LogOutputStream:75 - [STDERR_REDIRECT] 	at org.eclipse.core.runtime.internal.adaptor.EclipseAppLauncher.start(EclipseAppLauncher.java:109)
2026-10-06 12:11:16,048 [ERROR] LogOutputStream:75 - [STDERR_REDIRECT] 	at org.eclipse.core.runtime.adaptor.EclipseStarter.run(EclipseStarter.java:439)
2026-10-06 12:11:16,048 [ERROR] LogOutputStream:75 - [STDERR_REDIRECT] 	at org.eclipse.core.runtime.adaptor.EclipseStarter.run(EclipseStarter.java:271)
2026-10-06 12:11:16,048 [ERROR] LogOutputStream:75 - [STDERR_REDIRECT] 	at java.base/jdk.internal.reflect.DirectMethodHandleAccessor.invoke(DirectMethodHandleAccessor.java:103)
2026-10-06 12:11:16,049 [ERROR] LogOutputStream:75 - [STDERR_REDIRECT] 	at java.base/java.lang.reflect.Method.invoke(Method.java:580)
2026-10-06 12:11:16,049 [ERROR] LogOutputStream:75 - [STDERR_REDIRECT] 	at org.eclipse.equinox.launcher.Main.invokeFramework(Main.java:668)
2026-10-06 12:11:16,049 [ERROR] LogOutputStream:75 - [STDERR_REDIRECT] 	at org.eclipse.equinox.launcher.Main.basicRun(Main.java:605)
2026-10-06 12:11:16,050 [ERROR] LogOutputStream:75 - [STDERR_REDIRECT] 	at org.eclipse.equinox.launcher.Main.run(Main.java:1481)
2026-10-06 12:11:16,050 [ERROR] LogOutputStream:75 - [STDERR_REDIRECT] 	at org.eclipse.equinox.launcher.Main.main(Main.java:1454)
2026-10-06 12:11:35,143 [ERROR] LogOutputStream:75 - [STDERR_REDIRECT] java.net.URISyntaxException: Illegal character in path at index 32: file:/home/akhilesh/Documents/MY EMBEDDED PROJECTS/BARE METAL DEVELOPMET/.metadata/.log4j2.xml
2026-10-06 12:11:35,144 [ERROR] LogOutputStream:75 - [STDERR_REDIRECT] 	at java.base/java.net.URI$Parser.fail(URI.java:2995)
2026-10-06 12:11:35,145 [ERROR] LogOutputStream:75 - [STDERR_REDIRECT] 	at java.base/java.net.URI$Parser.checkChars(URI.java:3166)
2026-10-06 12:11:35,145 [ERROR] LogOutputStream:75 - [STDERR_REDIRECT] 	at java.base/java.net.URI$Parser.parseHierarchical(URI.java:3248)
2026-10-06 12:11:35,147 [ERROR] LogOutputStream:75 - [STDERR_REDIRECT] 	at java.base/java.net.URI$Parser.parse(URI.java:3196)
2026-10-06 12:11:35,148 [ERROR] LogOutputStream:75 - [STDERR_REDIRECT] 	at java.base/java.net.URI.<init>(URI.java:645)
2026-10-06 12:11:35,148 [ERROR] LogOutputStream:75 - [STDERR_REDIRECT] 	at java.base/java.net.URL.toURI(URL.java:1220)
2026-10-06 12:11:35,149 [ERROR] LogOutputStream:75 - [STDERR_REDIRECT] 	at com.st.stm32cube.common.mx.core.CubeMxInstance.getInstance(CubeMxInstance.java:81)
2026-10-06 12:11:35,150 [ERROR] LogOutputStream:75 - [STDERR_REDIRECT] 	at com.st.stm32cube.common.mx.userauth.UserAuthAdapter.<init>(UserAuthAdapter.java:25)
2026-10-06 12:11:35,150 [ERROR] LogOutputStream:75 - [STDERR_REDIRECT] 	at com.st.stm32cube.common.mx.userauth.UserAuthProvider.getUserAuthAdapter(UserAuthProvider.java:16)
2026-10-06 12:11:35,151 [ERROR] LogOutputStream:75 - [STDERR_REDIRECT] 	at com.st.stm32cube.common.ecosystemintegration.ui.core.MCUEcoSystemIntegrationUiHelper.getUserAuth(MCUEcoSystemIntegrationUiHelper.java:100)
2026-10-06 12:11:35,152 [ERROR] LogOutputStream:75 - [STDERR_REDIRECT] 	at com.st.stm32cube.ide.mcu.userauth.UserAuthStartup.earlyStartup(UserAuthStartup.java:32)
2026-10-06 12:11:35,153 [ERROR] LogOutputStream:75 - [STDERR_REDIRECT] 	at org.eclipse.ui.internal.EarlyStartupRunnable.runEarlyStartup(EarlyStartupRunnable.java:79)
2026-10-06 12:11:35,153 [ERROR] LogOutputStream:75 - [STDERR_REDIRECT] 	at org.eclipse.ui.internal.EarlyStartupRunnable.run(EarlyStartupRunnable.java:55)
2026-10-06 12:11:35,154 [ERROR] LogOutputStream:75 - [STDERR_REDIRECT] 	at org.eclipse.core.runtime.SafeRunner.run(SafeRunner.java:47)
2026-10-06 12:11:35,155 [ERROR] LogOutputStream:75 - [STDERR_REDIRECT] 	at org.eclipse.ui.internal.Workbench$39.run(Workbench.java:2733)
2026-10-06 12:11:35,156 [ERROR] LogOutputStream:75 - [STDERR_REDIRECT] 	at org.eclipse.core.internal.jobs.Worker.run(Worker.java:63)
2026-10-06 12:11:37,774 [ERROR] LogOutputStream:75 - [STDERR_REDIRECT] Oct 06, 2026 12:11:37 PM java.util.prefs.FileSystemPreferences$2 run
2026-10-06 12:11:37,774 [ERROR] LogOutputStream:75 - [STDERR_REDIRECT] WARNING: Could not create system preferences directory. System preferences are unusable.
2026-10-06 12:11:37,775 [ERROR] LogOutputStream:75 - [STDERR_REDIRECT] 
2026-10-06 12:11:51,705 [INFO] LogOutputStream:77 - [STDOUT_REDIRECT] 1 : Invalid condition id : UX_CORESTACK_Condition cause : null
2026-10-06 12:11:51,706 [INFO] LogOutputStream:77 - [STDOUT_REDIRECT] 1 : Invalid condition id : UX_CORESTACK_Condition cause : null
2026-10-06 12:11:51,707 [INFO] LogOutputStream:77 - [STDOUT_REDIRECT] 1 : Invalid condition id : UX_CORESTACK_Condition cause : null
2026-10-06 12:11:51,707 [INFO] LogOutputStream:77 - [STDOUT_REDIRECT] 1 : Invalid condition id : UX_CORESTACK_Condition cause : null
2026-10-06 12:11:51,708 [INFO] LogOutputStream:77 - [STDOUT_REDIRECT] 1 : Invalid condition id : UX_CORESTACK_Condition cause : null
2026-10-06 12:12:07,290 [ERROR] LogOutputStream:75 - [STDERR_REDIRECT] Oct 06, 2026 12:12:07 PM java.util.prefs.FileSystemPreferences checkLockFile0ErrorCode
2026-10-06 12:12:07,291 [ERROR] LogOutputStream:75 - [STDERR_REDIRECT] WARNING: Could not lock System prefs. Unix error code 2.
2026-10-06 12:12:07,292 [ERROR] LogOutputStream:75 - [STDERR_REDIRECT] 
2026-10-06 12:12:07,294 [ERROR] LogOutputStream:75 - [STDERR_REDIRECT] Oct 06, 2026 12:12:07 PM java.util.prefs.FileSystemPreferences syncWorld
2026-10-06 12:12:07,295 [ERROR] LogOutputStream:75 - [STDERR_REDIRECT] WARNING: Couldn't flush system prefs: java.util.prefs.BackingStoreException: Couldn't get file lock.
2026-10-06 12:12:07,295 [ERROR] LogOutputStream:75 - [STDERR_REDIRECT] 
2026-10-06 12:12:37,288 [ERROR] LogOutputStream:75 - [STDERR_REDIRECT] Oct 06, 2026 12:12:37 PM java.util.prefs.FileSystemPreferences checkLockFile0ErrorCode
2026-10-06 12:12:37,290 [ERROR] LogOutputStream:75 - [STDERR_REDIRECT] WARNING: Could not lock System prefs. Unix error code 2.
2026-10-06 12:12:37,291 [ERROR] LogOutputStream:75 - [STDERR_REDIRECT] 
2026-10-06 12:12:37,293 [ERROR] LogOutputStream:75 - [STDERR_REDIRECT] Oct 06, 2026 12:12:37 PM java.util.prefs.FileSystemPreferences syncWorld
2026-10-06 12:12:37,296 [ERROR] LogOutputStream:75 - [STDERR_REDIRECT] WARNING: Couldn't flush system prefs: java.util.prefs.BackingStoreException: Couldn't get file lock.
2026-10-06 12:12:37,297 [ERROR] LogOutputStream:75 - [STDERR_REDIRECT] 
2026-10-06 12:13:07,284 [ERROR] LogOutputStream:75 - [STDERR_REDIRECT] Oct 06, 2026 12:13:07 PM java.util.prefs.FileSystemPreferences checkLockFile0ErrorCode
2026-10-06 12:13:07,285 [ERROR] LogOutputStream:75 - [STDERR_REDIRECT] WARNING: Could not lock System prefs. Unix error code 2.
2026-10-06 12:13:07,285 [ERROR] LogOutputStream:75 - [STDERR_REDIRECT] 
2026-10-06 12:13:07,286 [ERROR] LogOutputStream:75 - [STDERR_REDIRECT] Oct 06, 2026 12:13:07 PM java.util.prefs.FileSystemPreferences syncWorld
2026-10-06 12:13:07,287 [ERROR] LogOutputStream:75 - [STDERR_REDIRECT] WARNING: Couldn't flush system prefs: java.util.prefs.BackingStoreException: Couldn't get file lock.
2026-10-06 12:13:07,287 [ERROR] LogOutputStream:75 - [STDERR_REDIRECT] 
2026-10-06 12:13:37,284 [ERROR] LogOutputStream:75 - [STDERR_REDIRECT] Oct 06, 2026 12:13:37 PM java.util.prefs.FileSystemPreferences checkLockFile0ErrorCode
2026-10-06 12:13:37,285 [ERROR] LogOutputStream:75 - [STDERR_REDIRECT] WARNING: Could not lock System prefs. Unix error code 2.
2026-10-06 12:13:37,286 [ERROR] LogOutputStream:75 - [STDERR_REDIRECT] 
2026-10-06 12:13:37,287 [ERROR] LogOutputStream:75 - [STDERR_REDIRECT] Oct 06, 2026 12:13:37 PM java.util.prefs.FileSystemPreferences syncWorld
2026-10-06 12:13:37,287 [ERROR] LogOutputStream:75 - [STDERR_REDIRECT] WARNING: Couldn't flush system prefs: java.util.prefs.BackingStoreException: Couldn't get file lock.
2026-10-06 12:13:37,288 [ERROR] LogOutputStream:75 - [STDERR_REDIRECT] 
2026-10-06 12:14:07,285 [ERROR] LogOutputStream:75 - [STDERR_REDIRECT] Oct 06, 2026 12:14:07 PM java.util.prefs.FileSystemPreferences checkLockFile0ErrorCode
2026-10-06 12:14:07,286 [ERROR] LogOutputStream:75 - [STDERR_REDIRECT] WARNING: Could not lock System prefs. Unix error code 2.
2026-10-06 12:14:07,286 [ERROR] LogOutputStream:75 - [STDERR_REDIRECT] 
2026-10-06 12:14:07,287 [ERROR] LogOutputStream:75 - [STDERR_REDIRECT] Oct 06, 2026 12:14:07 PM java.util.prefs.FileSystemPreferences syncWorld
2026-10-06 12:14:07,288 [ERROR] LogOutputStream:75 - [STDERR_REDIRECT] WARNING: Couldn't flush system prefs: java.util.prefs.BackingStoreException: Couldn't get file lock.
2026-10-06 12:14:07,288 [ERROR] LogOutputStream:75 - [STDERR_REDIRECT] 
2026-10-06 12:14:37,284 [ERROR] LogOutputStream:75 - [STDERR_REDIRECT] Oct 06, 2026 12:14:37 PM java.util.prefs.FileSystemPreferences checkLockFile0ErrorCode
2026-10-06 12:14:37,285 [ERROR] LogOutputStream:75 - [STDERR_REDIRECT] WARNING: Could not lock System prefs. Unix error code 2.
2026-10-06 12:14:37,285 [ERROR] LogOutputStream:75 - [STDERR_REDIRECT] 
2026-10-06 12:14:37,286 [ERROR] LogOutputStream:75 - [STDERR_REDIRECT] Oct 06, 2026 12:14:37 PM java.util.prefs.FileSystemPreferences syncWorld
2026-10-06 12:14:37,286 [ERROR] LogOutputStream:75 - [STDERR_REDIRECT] WARNING: Couldn't flush system prefs: java.util.prefs.BackingStoreException: Couldn't get file lock.
2026-10-06 12:14:37,286 [ERROR] LogOutputStream:75 - [STDERR_REDIRECT] 
2026-10-06 12:15:07,294 [ERROR] LogOutputStream:75 - [STDERR_REDIRECT] Oct 06, 2026 12:15:07 PM java.util.prefs.FileSystemPreferences checkLockFile0ErrorCode
2026-10-06 12:15:07,295 [ERROR] LogOutputStream:75 - [STDERR_REDIRECT] WARNING: Could not lock System prefs. Unix error code 2.
2026-10-06 12:15:07,295 [ERROR] LogOutputStream:75 - [STDERR_REDIRECT] 
2026-10-06 12:15:07,297 [ERROR] LogOutputStream:75 - [STDERR_REDIRECT] Oct 06, 2026 12:15:07 PM java.util.prefs.FileSystemPreferences syncWorld
2026-10-06 12:15:07,297 [ERROR] LogOutputStream:75 - [STDERR_REDIRECT] WARNING: Couldn't flush system prefs: java.util.prefs.BackingStoreException: Couldn't get file lock.
2026-10-06 12:15:07,298 [ERROR] LogOutputStream:75 - [STDERR_REDIRECT] 
2026-10-06 12:15:37,285 [ERROR] LogOutputStream:75 - [STDERR_REDIRECT] Oct 06, 2026 12:15:37 PM java.util.prefs.FileSystemPreferences checkLockFile0ErrorCode
2026-10-06 12:15:37,286 [ERROR] LogOutputStream:75 - [STDERR_REDIRECT] WARNING: Could not lock System prefs. Unix error code 2.
2026-10-06 12:15:37,287 [ERROR] LogOutputStream:75 - [STDERR_REDIRECT] 
2026-10-06 12:15:37,288 [ERROR] LogOutputStream:75 - [STDERR_REDIRECT] Oct 06, 2026 12:15:37 PM java.util.prefs.FileSystemPreferences syncWorld
2026-10-06 12:15:37,288 [ERROR] LogOutputStream:75 - [STDERR_REDIRECT] WARNING: Couldn't flush system prefs: java.util.prefs.BackingStoreException: Couldn't get file lock.
2026-10-06 12:15:37,288 [ERROR] LogOutputStream:75 - [STDERR_REDIRECT] 
2026-10-06 12:16:07,285 [ERROR] LogOutputStream:75 - [STDERR_REDIRECT] Oct 06, 2026 12:16:07 PM java.util.prefs.FileSystemPreferences checkLockFile0ErrorCode
2026-10-06 12:16:07,285 [ERROR] LogOutputStream:75 - [STDERR_REDIRECT] WARNING: Could not lock System prefs. Unix error code 2.
2026-10-06 12:16:07,286 [ERROR] LogOutputStream:75 - [STDERR_REDIRECT] 
2026-10-06 12:16:07,286 [ERROR] LogOutputStream:75 - [STDERR_REDIRECT] Oct 06, 2026 12:16:07 PM java.util.prefs.FileSystemPreferences syncWorld
2026-10-06 12:16:07,287 [ERROR] LogOutputStream:75 - [STDERR_REDIRECT] WARNING: Couldn't flush system prefs: java.util.prefs.BackingStoreException: Couldn't get file lock.
2026-10-06 12:16:07,287 [ERROR] LogOutputStream:75 - [STDERR_REDIRECT] 
2026-10-06 12:16:37,330 [ERROR] LogOutputStream:75 - [STDERR_REDIRECT] Oct 06, 2026 12:16:37 PM java.util.prefs.FileSystemPreferences checkLockFile0ErrorCode
2026-10-06 12:16:37,349 [ERROR] LogOutputStream:75 - [STDERR_REDIRECT] WARNING: Could not lock System prefs. Unix error code 2.
2026-10-06 12:16:37,352 [ERROR] LogOutputStream:75 - [STDERR_REDIRECT] 
2026-10-06 12:16:37,356 [ERROR] LogOutputStream:75 - [STDERR_REDIRECT] Oct 06, 2026 12:16:37 PM java.util.prefs.FileSystemPreferences syncWorld
2026-10-06 12:16:37,358 [ERROR] LogOutputStream:75 - [STDERR_REDIRECT] WARNING: Couldn't flush system prefs: java.util.prefs.BackingStoreException: Couldn't get file lock.
2026-10-06 12:16:37,359 [ERROR] LogOutputStream:75 - [STDERR_REDIRECT] 
2026-10-06 12:17:07,285 [ERROR] LogOutputStream:75 - [STDERR_REDIRECT] Oct 06, 2026 12:17:07 PM java.util.prefs.FileSystemPreferences checkLockFile0ErrorCode
2026-10-06 12:17:07,285 [ERROR] LogOutputStream:75 - [STDERR_REDIRECT] WARNING: Could not lock System prefs. Unix error code 2.
2026-10-06 12:17:07,286 [ERROR] LogOutputStream:75 - [STDERR_REDIRECT] 
2026-10-06 12:17:07,286 [ERROR] LogOutputStream:75 - [STDERR_REDIRECT] Oct 06, 2026 12:17:07 PM java.util.prefs.FileSystemPreferences syncWorld
2026-10-06 12:17:07,286 [ERROR] LogOutputStream:75 - [STDERR_REDIRECT] WARNING: Couldn't flush system prefs: java.util.prefs.BackingStoreException: Couldn't get file lock.
2026-10-06 12:17:07,286 [ERROR] LogOutputStream:75 - [STDERR_REDIRECT] 
2026-10-06 12:17:37,286 [ERROR] LogOutputStream:75 - [STDERR_REDIRECT] Oct 06, 2026 12:17:37 PM java.util.prefs.FileSystemPreferences checkLockFile0ErrorCode
2026-10-06 12:17:37,286 [ERROR] LogOutputStream:75 - [STDERR_REDIRECT] WARNING: Could not lock System prefs. Unix error code 2.
2026-10-06 12:17:37,286 [ERROR] LogOutputStream:75 - [STDERR_REDIRECT] 
2026-10-06 12:17:37,287 [ERROR] LogOutputStream:75 - [STDERR_REDIRECT] Oct 06, 2026 12:17:37 PM java.util.prefs.FileSystemPreferences syncWorld
2026-10-06 12:17:37,287 [ERROR] LogOutputStream:75 - [STDERR_REDIRECT] WARNING: Couldn't flush system prefs: java.util.prefs.BackingStoreException: Couldn't get file lock.
2026-10-06 12:17:37,287 [ERROR] LogOutputStream:75 - [STDERR_REDIRECT] 
2026-10-06 12:18:07,285 [ERROR] LogOutputStream:75 - [STDERR_REDIRECT] Oct 06, 2026 12:18:07 PM java.util.prefs.FileSystemPreferences checkLockFile0ErrorCode
2026-10-06 12:18:07,286 [ERROR] LogOutputStream:75 - [STDERR_REDIRECT] WARNING: Could not lock System prefs. Unix error code 2.
2026-10-06 12:18:07,286 [ERROR] LogOutputStream:75 - [STDERR_REDIRECT] 
2026-10-06 12:18:07,287 [ERROR] LogOutputStream:75 - [STDERR_REDIRECT] Oct 06, 2026 12:18:07 PM java.util.prefs.FileSystemPreferences syncWorld
2026-10-06 12:18:07,287 [ERROR] LogOutputStream:75 - [STDERR_REDIRECT] WARNING: Couldn't flush system prefs: java.util.prefs.BackingStoreException: Couldn't get file lock.
2026-10-06 12:18:07,287 [ERROR] LogOutputStream:75 - [STDERR_REDIRECT] 
2026-10-06 12:18:37,285 [ERROR] LogOutputStream:75 - [STDERR_REDIRECT] Oct 06, 2026 12:18:37 PM java.util.prefs.FileSystemPreferences checkLockFile0ErrorCode
2026-10-06 12:18:37,286 [ERROR] LogOutputStream:75 - [STDERR_REDIRECT] WARNING: Could not lock System prefs. Unix error code 2.
2026-10-06 12:18:37,287 [ERROR] LogOutputStream:75 - [STDERR_REDIRECT] 
2026-10-06 12:18:37,288 [ERROR] LogOutputStream:75 - [STDERR_REDIRECT] Oct 06, 2026 12:18:37 PM java.util.prefs.FileSystemPreferences syncWorld
2026-10-06 12:18:37,288 [ERROR] LogOutputStream:75 - [STDERR_REDIRECT] WARNING: Couldn't flush system prefs: java.util.prefs.BackingStoreException: Couldn't get file lock.
2026-10-06 12:18:37,289 [ERROR] LogOutputStream:75 - [STDERR_REDIRECT] 
2026-10-06 12:19:07,286 [ERROR] LogOutputStream:75 - [STDERR_REDIRECT] Oct 06, 2026 12:19:07 PM java.util.prefs.FileSystemPreferences checkLockFile0ErrorCode
2026-10-06 12:19:07,287 [ERROR] LogOutputStream:75 - [STDERR_REDIRECT] WARNING: Could not lock System prefs. Unix error code 2.
2026-10-06 12:19:07,287 [ERROR] LogOutputStream:75 - [STDERR_REDIRECT] 
2026-10-06 12:19:07,288 [ERROR] LogOutputStream:75 - [STDERR_REDIRECT] Oct 06, 2026 12:19:07 PM java.util.prefs.FileSystemPreferences syncWorld
2026-10-06 12:19:07,288 [ERROR] LogOutputStream:75 - [STDERR_REDIRECT] WARNING: Couldn't flush system prefs: java.util.prefs.BackingStoreException: Couldn't get file lock.
2026-10-06 12:19:07,289 [ERROR] LogOutputStream:75 - [STDERR_REDIRECT] 
2026-10-06 12:19:37,285 [ERROR] LogOutputStream:75 - [STDERR_REDIRECT] Oct 06, 2026 12:19:37 PM java.util.prefs.FileSystemPreferences checkLockFile0ErrorCode
2026-10-06 12:19:37,286 [ERROR] LogOutputStream:75 - [STDERR_REDIRECT] WARNING: Could not lock System prefs. Unix error code 2.
2026-10-06 12:19:37,286 [ERROR] LogOutputStream:75 - [STDERR_REDIRECT] 
2026-10-06 12:19:37,287 [ERROR] LogOutputStream:75 - [STDERR_REDIRECT] Oct 06, 2026 12:19:37 PM java.util.prefs.FileSystemPreferences syncWorld
2026-10-06 12:19:37,287 [ERROR] LogOutputStream:75 - [STDERR_REDIRECT] WARNING: Couldn't flush system prefs: java.util.prefs.BackingStoreException: Couldn't get file lock.
2026-10-06 12:19:37,287 [ERROR] LogOutputStream:75 - [STDERR_REDIRECT] 
2026-10-06 12:20:07,286 [ERROR] LogOutputStream:75 - [STDERR_REDIRECT] Oct 06, 2026 12:20:07 PM java.util.prefs.FileSystemPreferences checkLockFile0ErrorCode
2026-10-06 12:20:07,287 [ERROR] LogOutputStream:75 - [STDERR_REDIRECT] WARNING: Could not lock System prefs. Unix error code 2.
2026-10-06 12:20:07,287 [ERROR] LogOutputStream:75 - [STDERR_REDIRECT] 
2026-10-06 12:20:07,288 [ERROR] LogOutputStream:75 - [STDERR_REDIRECT] Oct 06, 2026 12:20:07 PM java.util.prefs.FileSystemPreferences syncWorld
2026-10-06 12:20:07,288 [ERROR] LogOutputStream:75 - [STDERR_REDIRECT] WARNING: Couldn't flush system prefs: java.util.prefs.BackingStoreException: Couldn't get file lock.
2026-10-06 12:20:07,288 [ERROR] LogOutputStream:75 - [STDERR_REDIRECT] 
2026-10-06 12:20:37,287 [ERROR] LogOutputStream:75 - [STDERR_REDIRECT] Oct 06, 2026 12:20:37 PM java.util.prefs.FileSystemPreferences checkLockFile0ErrorCode
2026-10-06 12:20:37,287 [ERROR] LogOutputStream:75 - [STDERR_REDIRECT] WARNING: Could not lock System prefs. Unix error code 2.
2026-10-06 12:20:37,287 [ERROR] LogOutputStream:75 - [STDERR_REDIRECT] 
2026-10-06 12:20:37,288 [ERROR] LogOutputStream:75 - [STDERR_REDIRECT] Oct 06, 2026 12:20:37 PM java.util.prefs.FileSystemPreferences syncWorld
2026-10-06 12:20:37,289 [ERROR] LogOutputStream:75 - [STDERR_REDIRECT] WARNING: Couldn't flush system prefs: java.util.prefs.BackingStoreException: Couldn't get file lock.
2026-10-06 12:20:37,289 [ERROR] LogOutputStream:75 - [STDERR_REDIRECT] 
2026-10-06 12:21:07,287 [ERROR] LogOutputStream:75 - [STDERR_REDIRECT] Oct 06, 2026 12:21:07 PM java.util.prefs.FileSystemPreferences checkLockFile0ErrorCode
2026-10-06 12:21:07,287 [ERROR] LogOutputStream:75 - [STDERR_REDIRECT] WARNING: Could not lock System prefs. Unix error code 2.
2026-10-06 12:21:07,287 [ERROR] LogOutputStream:75 - [STDERR_REDIRECT] 
2026-10-06 12:21:07,288 [ERROR] LogOutputStream:75 - [STDERR_REDIRECT] Oct 06, 2026 12:21:07 PM java.util.prefs.FileSystemPreferences syncWorld
2026-10-06 12:21:07,288 [ERROR] LogOutputStream:75 - [STDERR_REDIRECT] WARNING: Couldn't flush system prefs: java.util.prefs.BackingStoreException: Couldn't get file lock.
2026-10-06 12:21:07,289 [ERROR] LogOutputStream:75 - [STDERR_REDIRECT] 
2026-10-06 12:21:37,286 [ERROR] LogOutputStream:75 - [STDERR_REDIRECT] Oct 06, 2026 12:21:37 PM java.util.prefs.FileSystemPreferences checkLockFile0ErrorCode
2026-10-06 12:21:37,287 [ERROR] LogOutputStream:75 - [STDERR_REDIRECT] WARNING: Could not lock System prefs. Unix error code 2.
2026-10-06 12:21:37,288 [ERROR] LogOutputStream:75 - [STDERR_REDIRECT] 
2026-10-06 12:21:37,289 [ERROR] LogOutputStream:75 - [STDERR_REDIRECT] Oct 06, 2026 12:21:37 PM java.util.prefs.FileSystemPreferences syncWorld
2026-10-06 12:21:37,290 [ERROR] LogOutputStream:75 - [STDERR_REDIRECT] WARNING: Couldn't flush system prefs: java.util.prefs.BackingStoreException: Couldn't get file lock.
2026-10-06 12:21:37,290 [ERROR] LogOutputStream:75 - [STDERR_REDIRECT] 
2026-10-06 12:22:07,286 [ERROR] LogOutputStream:75 - [STDERR_REDIRECT] Oct 06, 2026 12:22:07 PM java.util.prefs.FileSystemPreferences checkLockFile0ErrorCode
2026-10-06 12:22:07,287 [ERROR] LogOutputStream:75 - [STDERR_REDIRECT] WARNING: Could not lock System prefs. Unix error code 2.
2026-10-06 12:22:07,287 [ERROR] LogOutputStream:75 - [STDERR_REDIRECT] 
2026-10-06 12:22:07,288 [ERROR] LogOutputStream:75 - [STDERR_REDIRECT] Oct 06, 2026 12:22:07 PM java.util.prefs.FileSystemPreferences syncWorld
2026-10-06 12:22:07,289 [ERROR] LogOutputStream:75 - [STDERR_REDIRECT] WARNING: Couldn't flush system prefs: java.util.prefs.BackingStoreException: Couldn't get file lock.
2026-10-06 12:22:07,290 [ERROR] LogOutputStream:75 - [STDERR_REDIRECT] 
2026-10-06 12:22:37,287 [ERROR] LogOutputStream:75 - [STDERR_REDIRECT] Oct 06, 2026 12:22:37 PM java.util.prefs.FileSystemPreferences checkLockFile0ErrorCode
2026-10-06 12:22:37,288 [ERROR] LogOutputStream:75 - [STDERR_REDIRECT] WARNING: Could not lock System prefs. Unix error code 2.
2026-10-06 12:22:37,288 [ERROR] LogOutputStream:75 - [STDERR_REDIRECT] 
2026-10-06 12:22:37,289 [ERROR] LogOutputStream:75 - [STDERR_REDIRECT] Oct 06, 2026 12:22:37 PM java.util.prefs.FileSystemPreferences syncWorld
2026-10-06 12:22:37,289 [ERROR] LogOutputStream:75 - [STDERR_REDIRECT] WARNING: Couldn't flush system prefs: java.util.prefs.BackingStoreException: Couldn't get file lock.
2026-10-06 12:22:37,290 [ERROR] LogOutputStream:75 - [STDERR_REDIRECT] 
2026-10-06 12:23:07,288 [ERROR] LogOutputStream:75 - [STDERR_REDIRECT] Oct 06, 2026 12:23:07 PM java.util.prefs.FileSystemPreferences checkLockFile0ErrorCode
2026-10-06 12:23:07,289 [ERROR] LogOutputStream:75 - [STDERR_REDIRECT] WARNING: Could not lock System prefs. Unix error code 2.
2026-10-06 12:23:07,290 [ERROR] LogOutputStream:75 - [STDERR_REDIRECT] 
2026-10-06 12:23:07,291 [ERROR] LogOutputStream:75 - [STDERR_REDIRECT] Oct 06, 2026 12:23:07 PM java.util.prefs.FileSystemPreferences syncWorld
2026-10-06 12:23:07,291 [ERROR] LogOutputStream:75 - [STDERR_REDIRECT] WARNING: Couldn't flush system prefs: java.util.prefs.BackingStoreException: Couldn't get file lock.
2026-10-06 12:23:07,291 [ERROR] LogOutputStream:75 - [STDERR_REDIRECT] 
2026-10-06 12:23:37,288 [ERROR] LogOutputStream:75 - [STDERR_REDIRECT] Oct 06, 2026 12:23:37 PM java.util.prefs.FileSystemPreferences checkLockFile0ErrorCode
2026-10-06 12:23:37,289 [ERROR] LogOutputStream:75 - [STDERR_REDIRECT] WARNING: Could not lock System prefs. Unix error code 2.
2026-10-06 12:23:37,290 [ERROR] LogOutputStream:75 - [STDERR_REDIRECT] 
2026-10-06 12:23:37,291 [ERROR] LogOutputStream:75 - [STDERR_REDIRECT] Oct 06, 2026 12:23:37 PM java.util.prefs.FileSystemPreferences syncWorld
2026-10-06 12:23:37,292 [ERROR] LogOutputStream:75 - [STDERR_REDIRECT] WARNING: Couldn't flush system prefs: java.util.prefs.BackingStoreException: Couldn't get file lock.
2026-10-06 12:23:37,292 [ERROR] LogOutputStream:75 - [STDERR_REDIRECT] 
2026-10-06 12:24:07,289 [ERROR] LogOutputStream:75 - [STDERR_REDIRECT] Oct 06, 2026 12:24:07 PM java.util.prefs.FileSystemPreferences checkLockFile0ErrorCode
2026-10-06 12:24:07,289 [ERROR] LogOutputStream:75 - [STDERR_REDIRECT] WARNING: Could not lock System prefs. Unix error code 2.
2026-10-06 12:24:07,290 [ERROR] LogOutputStream:75 - [STDERR_REDIRECT] 
2026-10-06 12:24:07,291 [ERROR] LogOutputStream:75 - [STDERR_REDIRECT] Oct 06, 2026 12:24:07 PM java.util.prefs.FileSystemPreferences syncWorld
2026-10-06 12:24:07,292 [ERROR] LogOutputStream:75 - [STDERR_REDIRECT] WARNING: Couldn't flush system prefs: java.util.prefs.BackingStoreException: Couldn't get file lock.
2026-10-06 12:24:07,292 [ERROR] LogOutputStream:75 - [STDERR_REDIRECT] 
2026-10-06 12:24:37,287 [ERROR] LogOutputStream:75 - [STDERR_REDIRECT] Oct 06, 2026 12:24:37 PM java.util.prefs.FileSystemPreferences checkLockFile0ErrorCode
2026-10-06 12:24:37,289 [ERROR] LogOutputStream:75 - [STDERR_REDIRECT] WARNING: Could not lock System prefs. Unix error code 2.
2026-10-06 12:24:37,289 [ERROR] LogOutputStream:75 - [STDERR_REDIRECT] 
2026-10-06 12:24:37,290 [ERROR] LogOutputStream:75 - [STDERR_REDIRECT] Oct 06, 2026 12:24:37 PM java.util.prefs.FileSystemPreferences syncWorld
2026-10-06 12:24:37,290 [ERROR] LogOutputStream:75 - [STDERR_REDIRECT] WARNING: Couldn't flush system prefs: java.util.prefs.BackingStoreException: Couldn't get file lock.
2026-10-06 12:24:37,291 [ERROR] LogOutputStream:75 - [STDERR_REDIRECT] 
2026-10-06 12:25:07,288 [ERROR] LogOutputStream:75 - [STDERR_REDIRECT] Oct 06, 2026 12:25:07 PM java.util.prefs.FileSystemPreferences checkLockFile0ErrorCode
2026-10-06 12:25:07,290 [ERROR] LogOutputStream:75 - [STDERR_REDIRECT] WARNING: Could not lock System prefs. Unix error code 2.
2026-10-06 12:25:07,290 [ERROR] LogOutputStream:75 - [STDERR_REDIRECT] 
2026-10-06 12:25:07,292 [ERROR] LogOutputStream:75 - [STDERR_REDIRECT] Oct 06, 2026 12:25:07 PM java.util.prefs.FileSystemPreferences syncWorld
2026-10-06 12:25:07,293 [ERROR] LogOutputStream:75 - [STDERR_REDIRECT] WARNING: Couldn't flush system prefs: java.util.prefs.BackingStoreException: Couldn't get file lock.
2026-10-06 12:25:07,294 [ERROR] LogOutputStream:75 - [STDERR_REDIRECT] 
2026-10-06 12:25:37,288 [ERROR] LogOutputStream:75 - [STDERR_REDIRECT] Oct 06, 2026 12:25:37 PM java.util.prefs.FileSystemPreferences checkLockFile0ErrorCode
2026-10-06 12:25:37,289 [ERROR] LogOutputStream:75 - [STDERR_REDIRECT] WARNING: Could not lock System prefs. Unix error code 2.
2026-10-06 12:25:37,289 [ERROR] LogOutputStream:75 - [STDERR_REDIRECT] 
2026-10-06 12:25:37,291 [ERROR] LogOutputStream:75 - [STDERR_REDIRECT] Oct 06, 2026 12:25:37 PM java.util.prefs.FileSystemPreferences syncWorld
2026-10-06 12:25:37,292 [ERROR] LogOutputStream:75 - [STDERR_REDIRECT] WARNING: Couldn't flush system prefs: java.util.prefs.BackingStoreException: Couldn't get file lock.
2026-10-06 12:25:37,292 [ERROR] LogOutputStream:75 - [STDERR_REDIRECT] 
2026-10-06 12:26:07,289 [ERROR] LogOutputStream:75 - [STDERR_REDIRECT] Oct 06, 2026 12:26:07 PM java.util.prefs.FileSystemPreferences checkLockFile0ErrorCode
2026-10-06 12:26:07,289 [ERROR] LogOutputStream:75 - [STDERR_REDIRECT] WARNING: Could not lock System prefs. Unix error code 2.
2026-10-06 12:26:07,289 [ERROR] LogOutputStream:75 - [STDERR_REDIRECT] 
2026-10-06 12:26:07,292 [ERROR] LogOutputStream:75 - [STDERR_REDIRECT] Oct 06, 2026 12:26:07 PM java.util.prefs.FileSystemPreferences syncWorld
2026-10-06 12:26:07,292 [ERROR] LogOutputStream:75 - [STDERR_REDIRECT] WARNING: Couldn't flush system prefs: java.util.prefs.BackingStoreException: Couldn't get file lock.
2026-10-06 12:26:07,292 [ERROR] LogOutputStream:75 - [STDERR_REDIRECT] 
2026-10-06 12:26:37,289 [ERROR] LogOutputStream:75 - [STDERR_REDIRECT] Oct 06, 2026 12:26:37 PM java.util.prefs.FileSystemPreferences checkLockFile0ErrorCode
2026-10-06 12:26:37,290 [ERROR] LogOutputStream:75 - [STDERR_REDIRECT] WARNING: Could not lock System prefs. Unix error code 2.
2026-10-06 12:26:37,291 [ERROR] LogOutputStream:75 - [STDERR_REDIRECT] 
2026-10-06 12:26:37,291 [ERROR] LogOutputStream:75 - [STDERR_REDIRECT] Oct 06, 2026 12:26:37 PM java.util.prefs.FileSystemPreferences syncWorld
2026-10-06 12:26:37,292 [ERROR] LogOutputStream:75 - [STDERR_REDIRECT] WARNING: Couldn't flush system prefs: java.util.prefs.BackingStoreException: Couldn't get file lock.
2026-10-06 12:26:37,292 [ERROR] LogOutputStream:75 - [STDERR_REDIRECT] 
2026-10-06 12:27:07,289 [ERROR] LogOutputStream:75 - [STDERR_REDIRECT] Oct 06, 2026 12:27:07 PM java.util.prefs.FileSystemPreferences checkLockFile0ErrorCode
2026-10-06 12:27:07,291 [ERROR] LogOutputStream:75 - [STDERR_REDIRECT] WARNING: Could not lock System prefs. Unix error code 2.
2026-10-06 12:27:07,291 [ERROR] LogOutputStream:75 - [STDERR_REDIRECT] 
2026-10-06 12:27:07,292 [ERROR] LogOutputStream:75 - [STDERR_REDIRECT] Oct 06, 2026 12:27:07 PM java.util.prefs.FileSystemPreferences syncWorld
2026-10-06 12:27:07,293 [ERROR] LogOutputStream:75 - [STDERR_REDIRECT] WARNING: Couldn't flush system prefs: java.util.prefs.BackingStoreException: Couldn't get file lock.
2026-10-06 12:27:07,293 [ERROR] LogOutputStream:75 - [STDERR_REDIRECT] 
2026-10-06 12:27:37,289 [ERROR] LogOutputStream:75 - [STDERR_REDIRECT] Oct 06, 2026 12:27:37 PM java.util.prefs.FileSystemPreferences checkLockFile0ErrorCode
2026-10-06 12:27:37,289 [ERROR] LogOutputStream:75 - [STDERR_REDIRECT] WARNING: Could not lock System prefs. Unix error code 2.
2026-10-06 12:27:37,290 [ERROR] LogOutputStream:75 - [STDERR_REDIRECT] 
2026-10-06 12:27:37,292 [ERROR] LogOutputStream:75 - [STDERR_REDIRECT] Oct 06, 2026 12:27:37 PM java.util.prefs.FileSystemPreferences syncWorld
2026-10-06 12:27:37,292 [ERROR] LogOutputStream:75 - [STDERR_REDIRECT] WARNING: Couldn't flush system prefs: java.util.prefs.BackingStoreException: Couldn't get file lock.
2026-10-06 12:27:37,292 [ERROR] LogOutputStream:75 - [STDERR_REDIRECT] 
2026-10-06 12:28:07,290 [ERROR] LogOutputStream:75 - [STDERR_REDIRECT] Oct 06, 2026 12:28:07 PM java.util.prefs.FileSystemPreferences checkLockFile0ErrorCode
2026-10-06 12:28:07,292 [ERROR] LogOutputStream:75 - [STDERR_REDIRECT] WARNING: Could not lock System prefs. Unix error code 2.
2026-10-06 12:28:07,293 [ERROR] LogOutputStream:75 - [STDERR_REDIRECT] 
2026-10-06 12:28:07,294 [ERROR] LogOutputStream:75 - [STDERR_REDIRECT] Oct 06, 2026 12:28:07 PM java.util.prefs.FileSystemPreferences syncWorld
2026-10-06 12:28:07,295 [ERROR] LogOutputStream:75 - [STDERR_REDIRECT] WARNING: Couldn't flush system prefs: java.util.prefs.BackingStoreException: Couldn't get file lock.
2026-10-06 12:28:07,296 [ERROR] LogOutputStream:75 - [STDERR_REDIRECT] 
2026-10-06 12:28:37,289 [ERROR] LogOutputStream:75 - [STDERR_REDIRECT] Oct 06, 2026 12:28:37 PM java.util.prefs.FileSystemPreferences checkLockFile0ErrorCode
2026-10-06 12:28:37,289 [ERROR] LogOutputStream:75 - [STDERR_REDIRECT] WARNING: Could not lock System prefs. Unix error code 2.
2026-10-06 12:28:37,290 [ERROR] LogOutputStream:75 - [STDERR_REDIRECT] 
2026-10-06 12:28:37,290 [ERROR] LogOutputStream:75 - [STDERR_REDIRECT] Oct 06, 2026 12:28:37 PM java.util.prefs.FileSystemPreferences syncWorld
2026-10-06 12:28:37,291 [ERROR] LogOutputStream:75 - [STDERR_REDIRECT] WARNING: Couldn't flush system prefs: java.util.prefs.BackingStoreException: Couldn't get file lock.
2026-10-06 12:28:37,291 [ERROR] LogOutputStream:75 - [STDERR_REDIRECT] 
2026-10-06 12:29:07,289 [ERROR] LogOutputStream:75 - [STDERR_REDIRECT] Oct 06, 2026 12:29:07 PM java.util.prefs.FileSystemPreferences checkLockFile0ErrorCode
2026-10-06 12:29:07,289 [ERROR] LogOutputStream:75 - [STDERR_REDIRECT] WARNING: Could not lock System prefs. Unix error code 2.
2026-10-06 12:29:07,289 [ERROR] LogOutputStream:75 - [STDERR_REDIRECT] 
2026-10-06 12:29:07,290 [ERROR] LogOutputStream:75 - [STDERR_REDIRECT] Oct 06, 2026 12:29:07 PM java.util.prefs.FileSystemPreferences syncWorld
2026-10-06 12:29:07,291 [ERROR] LogOutputStream:75 - [STDERR_REDIRECT] WARNING: Couldn't flush system prefs: java.util.prefs.BackingStoreException: Couldn't get file lock.
2026-10-06 12:29:07,291 [ERROR] LogOutputStream:75 - [STDERR_REDIRECT] 
2026-10-06 12:29:37,289 [ERROR] LogOutputStream:75 - [STDERR_REDIRECT] Oct 06, 2026 12:29:37 PM java.util.prefs.FileSystemPreferences checkLockFile0ErrorCode
2026-10-06 12:29:37,289 [ERROR] LogOutputStream:75 - [STDERR_REDIRECT] WARNING: Could not lock System prefs. Unix error code 2.
2026-10-06 12:29:37,290 [ERROR] LogOutputStream:75 - [STDERR_REDIRECT] 
2026-10-06 12:29:37,290 [ERROR] LogOutputStream:75 - [STDERR_REDIRECT] Oct 06, 2026 12:29:37 PM java.util.prefs.FileSystemPreferences syncWorld
2026-10-06 12:29:37,291 [ERROR] LogOutputStream:75 - [STDERR_REDIRECT] WARNING: Couldn't flush system prefs: java.util.prefs.BackingStoreException: Couldn't get file lock.
2026-10-06 12:29:37,291 [ERROR] LogOutputStream:75 - [STDERR_REDIRECT] 
2026-10-06 12:30:07,290 [ERROR] LogOutputStream:75 - [STDERR_REDIRECT] Oct 06, 2026 12:30:07 PM java.util.prefs.FileSystemPreferences checkLockFile0ErrorCode
2026-10-06 12:30:07,291 [ERROR] LogOutputStream:75 - [STDERR_REDIRECT] WARNING: Could not lock System prefs. Unix error code 2.
2026-10-06 12:30:07,292 [ERROR] LogOutputStream:75 - [STDERR_REDIRECT] 
2026-10-06 12:30:07,293 [ERROR] LogOutputStream:75 - [STDERR_REDIRECT] Oct 06, 2026 12:30:07 PM java.util.prefs.FileSystemPreferences syncWorld
2026-10-06 12:30:07,294 [ERROR] LogOutputStream:75 - [STDERR_REDIRECT] WARNING: Couldn't flush system prefs: java.util.prefs.BackingStoreException: Couldn't get file lock.
2026-10-06 12:30:07,294 [ERROR] LogOutputStream:75 - [STDERR_REDIRECT] 
2026-10-06 12:30:37,289 [ERROR] LogOutputStream:75 - [STDERR_REDIRECT] Oct 06, 2026 12:30:37 PM java.util.prefs.FileSystemPreferences checkLockFile0ErrorCode
2026-10-06 12:30:37,290 [ERROR] LogOutputStream:75 - [STDERR_REDIRECT] WARNING: Could not lock System prefs. Unix error code 2.
2026-10-06 12:30:37,290 [ERROR] LogOutputStream:75 - [STDERR_REDIRECT] 
2026-10-06 12:30:37,291 [ERROR] LogOutputStream:75 - [STDERR_REDIRECT] Oct 06, 2026 12:30:37 PM java.util.prefs.FileSystemPreferences syncWorld
2026-10-06 12:30:37,291 [ERROR] LogOutputStream:75 - [STDERR_REDIRECT] WARNING: Couldn't flush system prefs: java.util.prefs.BackingStoreException: Couldn't get file lock.
2026-10-06 12:30:37,292 [ERROR] LogOutputStream:75 - [STDERR_REDIRECT] 
2026-10-06 12:31:07,293 [ERROR] LogOutputStream:75 - [STDERR_REDIRECT] Oct 06, 2026 12:31:07 PM java.util.prefs.FileSystemPreferences checkLockFile0ErrorCode
2026-10-06 12:31:07,294 [ERROR] LogOutputStream:75 - [STDERR_REDIRECT] WARNING: Could not lock System prefs. Unix error code 2.
2026-10-06 12:31:07,294 [ERROR] LogOutputStream:75 - [STDERR_REDIRECT] 
2026-10-06 12:31:07,295 [ERROR] LogOutputStream:75 - [STDERR_REDIRECT] Oct 06, 2026 12:31:07 PM java.util.prefs.FileSystemPreferences syncWorld
2026-10-06 12:31:07,295 [ERROR] LogOutputStream:75 - [STDERR_REDIRECT] WARNING: Couldn't flush system prefs: java.util.prefs.BackingStoreException: Couldn't get file lock.
2026-10-06 12:31:07,295 [ERROR] LogOutputStream:75 - [STDERR_REDIRECT] 
2026-10-06 12:31:37,289 [ERROR] LogOutputStream:75 - [STDERR_REDIRECT] Oct 06, 2026 12:31:37 PM java.util.prefs.FileSystemPreferences checkLockFile0ErrorCode
2026-10-06 12:31:37,290 [ERROR] LogOutputStream:75 - [STDERR_REDIRECT] WARNING: Could not lock System prefs. Unix error code 2.
2026-10-06 12:31:37,290 [ERROR] LogOutputStream:75 - [STDERR_REDIRECT] 
2026-10-06 12:31:37,291 [ERROR] LogOutputStream:75 - [STDERR_REDIRECT] Oct 06, 2026 12:31:37 PM java.util.prefs.FileSystemPreferences syncWorld
2026-10-06 12:31:37,292 [ERROR] LogOutputStream:75 - [STDERR_REDIRECT] WARNING: Couldn't flush system prefs: java.util.prefs.BackingStoreException: Couldn't get file lock.
2026-10-06 12:31:37,292 [ERROR] LogOutputStream:75 - [STDERR_REDIRECT] 
2026-10-06 12:32:07,289 [ERROR] LogOutputStream:75 - [STDERR_REDIRECT] Oct 06, 2026 12:32:07 PM java.util.prefs.FileSystemPreferences checkLockFile0ErrorCode
2026-10-06 12:32:07,290 [ERROR] LogOutputStream:75 - [STDERR_REDIRECT] WARNING: Could not lock System prefs. Unix error code 2.
2026-10-06 12:32:07,290 [ERROR] LogOutputStream:75 - [STDERR_REDIRECT] 
2026-10-06 12:32:07,291 [ERROR] LogOutputStream:75 - [STDERR_REDIRECT] Oct 06, 2026 12:32:07 PM java.util.prefs.FileSystemPreferences syncWorld
2026-10-06 12:32:07,291 [ERROR] LogOutputStream:75 - [STDERR_REDIRECT] WARNING: Couldn't flush system prefs: java.util.prefs.BackingStoreException: Couldn't get file lock.
2026-10-06 12:32:07,291 [ERROR] LogOutputStream:75 - [STDERR_REDIRECT] 
2026-10-06 12:32:37,289 [ERROR] LogOutputStream:75 - [STDERR_REDIRECT] Oct 06, 2026 12:32:37 PM java.util.prefs.FileSystemPreferences checkLockFile0ErrorCode
2026-10-06 12:32:37,290 [ERROR] LogOutputStream:75 - [STDERR_REDIRECT] WARNING: Could not lock System prefs. Unix error code 2.
2026-10-06 12:32:37,291 [ERROR] LogOutputStream:75 - [STDERR_REDIRECT] 
2026-10-06 12:32:37,292 [ERROR] LogOutputStream:75 - [STDERR_REDIRECT] Oct 06, 2026 12:32:37 PM java.util.prefs.FileSystemPreferences syncWorld
2026-10-06 12:32:37,293 [ERROR] LogOutputStream:75 - [STDERR_REDIRECT] WARNING: Couldn't flush system prefs: java.util.prefs.BackingStoreException: Couldn't get file lock.
2026-10-06 12:32:37,293 [ERROR] LogOutputStream:75 - [STDERR_REDIRECT] 
2026-10-06 12:33:04,727 [ERROR] LogOutputStream:75 - [STDERR_REDIRECT] Exception in thread "AWT-EventQueue-0" java.lang.NullPointerException: Cannot invoke "com.st.stm32cube.common.mx.targetselector.IdeMcuFinder.cleanUp(boolean)" because "this.this$0.mcuFinder" is null
2026-10-06 12:33:04,728 [ERROR] LogOutputStream:75 - [STDERR_REDIRECT] 	at com.st.stm32cube.common.mx.targetselector.TargetSelectorAdapter$7.run(TargetSelectorAdapter.java:353)
2026-10-06 12:33:04,728 [ERROR] LogOutputStream:75 - [STDERR_REDIRECT] 	at com.st.stm32cube.common.mx.oss.core.awtswtbridge.AwtEnvironment$2.run(AwtEnvironment.java:166)
2026-10-06 12:33:04,729 [ERROR] LogOutputStream:75 - [STDERR_REDIRECT] 	at java.desktop/java.awt.event.InvocationEvent.dispatch(InvocationEvent.java:318)
2026-10-06 12:33:04,729 [ERROR] LogOutputStream:75 - [STDERR_REDIRECT] 	at java.desktop/java.awt.EventQueue.dispatchEventImpl(EventQueue.java:773)
2026-10-06 12:33:04,729 [ERROR] LogOutputStream:75 - [STDERR_REDIRECT] 	at java.desktop/java.awt.EventQueue$4.run(EventQueue.java:720)
2026-10-06 12:33:04,729 [ERROR] LogOutputStream:75 - [STDERR_REDIRECT] 	at java.desktop/java.awt.EventQueue$4.run(EventQueue.java:714)
2026-10-06 12:33:04,730 [ERROR] LogOutputStream:75 - [STDERR_REDIRECT] 	at java.base/java.security.AccessController.doPrivileged(AccessController.java:400)
2026-10-06 12:33:04,730 [ERROR] LogOutputStream:75 - [STDERR_REDIRECT] 	at java.base/java.security.ProtectionDomain$JavaSecurityAccessImpl.doIntersectionPrivilege(ProtectionDomain.java:87)
2026-10-06 12:33:04,730 [ERROR] LogOutputStream:75 - [STDERR_REDIRECT] 	at java.desktop/java.awt.EventQueue.dispatchEvent(EventQueue.java:742)
2026-10-06 12:33:04,731 [ERROR] LogOutputStream:75 - [STDERR_REDIRECT] 	at java.desktop/java.awt.EventDispatchThread.pumpOneEventForFilters(EventDispatchThread.java:203)
2026-10-06 12:33:04,731 [ERROR] LogOutputStream:75 - [STDERR_REDIRECT] 	at java.desktop/java.awt.EventDispatchThread.pumpEventsForFilter(EventDispatchThread.java:124)
2026-10-06 12:33:04,732 [ERROR] LogOutputStream:75 - [STDERR_REDIRECT] 	at java.desktop/java.awt.EventDispatchThread.pumpEventsForHierarchy(EventDispatchThread.java:113)
2026-10-06 12:33:04,732 [ERROR] LogOutputStream:75 - [STDERR_REDIRECT] 	at java.desktop/java.awt.EventDispatchThread.pumpEvents(EventDispatchThread.java:109)
2026-10-06 12:33:04,733 [ERROR] LogOutputStream:75 - [STDERR_REDIRECT] 	at java.desktop/java.awt.EventDispatchThread.pumpEvents(EventDispatchThread.java:101)
2026-10-06 12:33:04,733 [ERROR] LogOutputStream:75 - [STDERR_REDIRECT] 	at java.desktop/java.awt.EventDispatchThread.run(EventDispatchThread.java:90)
2026-10-06 12:33:07,300 [ERROR] LogOutputStream:75 - [STDERR_REDIRECT] Oct 06, 2026 12:33:07 PM java.util.prefs.FileSystemPreferences checkLockFile0ErrorCode
2026-10-06 12:33:07,300 [ERROR] LogOutputStream:75 - [STDERR_REDIRECT] WARNING: Could not lock System prefs. Unix error code 2.
2026-10-06 12:33:07,301 [ERROR] LogOutputStream:75 - [STDERR_REDIRECT] 
2026-10-06 12:33:07,302 [ERROR] LogOutputStream:75 - [STDERR_REDIRECT] Oct 06, 2026 12:33:07 PM java.util.prefs.FileSystemPreferences syncWorld
2026-10-06 12:33:07,302 [ERROR] LogOutputStream:75 - [STDERR_REDIRECT] WARNING: Couldn't flush system prefs: java.util.prefs.BackingStoreException: Couldn't get file lock.
2026-10-06 12:33:07,303 [ERROR] LogOutputStream:75 - [STDERR_REDIRECT] 
2026-10-06 12:33:10,214 [ERROR] LogOutputStream:75 - [STDERR_REDIRECT] 
2026-10-06 12:33:10,216 [ERROR] LogOutputStream:75 - [STDERR_REDIRECT] 
