2026-10-06 12:33:37,628 [INFO] Activator:176 - 


2026-10-06 12:33:37,631 [INFO] Activator:177 - !SESSION log4j initialized
2026-10-06 12:34:00,610 [INFO] LogOutputStream:77 - [STDOUT_REDIRECT] 
2026-10-06 12:34:01,364 [ERROR] LogOutputStream:75 - [STDERR_REDIRECT] java.net.URISyntaxException: Illegal character in path at index 32: file:/home/akhilesh/Documents/MY EMBEDDED PROJECTS/RTOS DEVELOPMENT/RTOS_Workspace/.metadata/.log4j2.xml
2026-10-06 12:34:01,365 [ERROR] LogOutputStream:75 - [STDERR_REDIRECT] 	at java.base/java.net.URI$Parser.fail(URI.java:2995)
2026-10-06 12:34:01,367 [ERROR] LogOutputStream:75 - [STDERR_REDIRECT] 	at java.base/java.net.URI$Parser.checkChars(URI.java:3166)
2026-10-06 12:34:01,368 [ERROR] LogOutputStream:75 - [STDERR_REDIRECT] 	at java.base/java.net.URI$Parser.parseHierarchical(URI.java:3248)
2026-10-06 12:34:01,369 [ERROR] LogOutputStream:75 - [STDERR_REDIRECT] 	at java.base/java.net.URI$Parser.parse(URI.java:3196)
2026-10-06 12:34:01,370 [ERROR] LogOutputStream:75 - [STDERR_REDIRECT] 	at java.base/java.net.URI.<init>(URI.java:645)
2026-10-06 12:34:01,371 [ERROR] LogOutputStream:75 - [STDERR_REDIRECT] 	at java.base/java.net.URL.toURI(URL.java:1220)
2026-10-06 12:34:01,373 [ERROR] LogOutputStream:75 - [STDERR_REDIRECT] 	at com.st.stm32cube.common.mx.core.CubeMxInstance.getInstance(CubeMxInstance.java:81)
2026-10-06 12:34:01,374 [ERROR] LogOutputStream:75 - [STDERR_REDIRECT] 	at com.st.stm32cube.common.mx.targetselector.TargetSelectorAdapter.addTargetSelector(TargetSelectorAdapter.java:170)
2026-10-06 12:34:01,376 [ERROR] LogOutputStream:75 - [STDERR_REDIRECT] 	at com.st.stm32cube.common.projectcreation.ui.wizard.TargetSetupPageAbstract.createControl(TargetSetupPageAbstract.java:131)
2026-10-06 12:34:01,377 [ERROR] LogOutputStream:75 - [STDERR_REDIRECT] 	at org.eclipse.jface.wizard.Wizard.createPageControls(Wizard.java:180)
2026-10-06 12:34:01,378 [ERROR] LogOutputStream:75 - [STDERR_REDIRECT] 	at org.eclipse.jface.wizard.WizardDialog.createPageControls(WizardDialog.java:744)
2026-10-06 12:34:01,379 [ERROR] LogOutputStream:75 - [STDERR_REDIRECT] 	at org.eclipse.jface.wizard.WizardDialog.createContents(WizardDialog.java:637)
2026-10-06 12:34:01,380 [ERROR] LogOutputStream:75 - [STDERR_REDIRECT] 	at org.eclipse.jface.window.Window.create(Window.java:431)
2026-10-06 12:34:01,381 [ERROR] LogOutputStream:75 - [STDERR_REDIRECT] 	at org.eclipse.jface.dialogs.Dialog.create(Dialog.java:1092)
2026-10-06 12:34:01,382 [ERROR] LogOutputStream:75 - [STDERR_REDIRECT] 	at org.eclipse.jface.window.Window.open(Window.java:788)
2026-10-06 12:34:01,383 [ERROR] LogOutputStream:75 - [STDERR_REDIRECT] 	at com.st.stm32cube.ide.mcu.informationcenter.WelcomePageAction.run(WelcomePageAction.java:54)
2026-10-06 12:34:01,384 [ERROR] LogOutputStream:75 - [STDERR_REDIRECT] 	at org.eclipse.ui.internal.intro.impl.model.url.IntroURL.runAction(IntroURL.java:272)
2026-10-06 12:34:01,385 [ERROR] LogOutputStream:75 - [STDERR_REDIRECT] 	at org.eclipse.ui.internal.intro.impl.model.url.IntroURL.doExecute(IntroURL.java:187)
2026-10-06 12:34:01,386 [ERROR] LogOutputStream:75 - [STDERR_REDIRECT] 	at org.eclipse.ui.internal.intro.impl.model.url.IntroURL.lambda$0(IntroURL.java:142)
2026-10-06 12:34:01,387 [ERROR] LogOutputStream:75 - [STDERR_REDIRECT] 	at org.eclipse.swt.custom.BusyIndicator.showWhile(BusyIndicator.java:67)
2026-10-06 12:34:01,388 [ERROR] LogOutputStream:75 - [STDERR_REDIRECT] 	at org.eclipse.ui.internal.intro.impl.model.url.IntroURL.execute(IntroURL.java:142)
2026-10-06 12:34:01,389 [ERROR] LogOutputStream:75 - [STDERR_REDIRECT] 	at org.eclipse.ui.internal.intro.impl.presentations.BrowserIntroPartLocationListener.changing(BrowserIntroPartLocationListener.java:130)
2026-10-06 12:34:01,390 [ERROR] LogOutputStream:75 - [STDERR_REDIRECT] 	at org.eclipse.swt.browser.WebKit.webkit_decide_policy(WebKit.java:2300)
2026-10-06 12:34:01,391 [ERROR] LogOutputStream:75 - [STDERR_REDIRECT] 	at org.eclipse.swt.browser.WebKit.webViewProc(WebKit.java:609)
2026-10-06 12:34:01,393 [ERROR] LogOutputStream:75 - [STDERR_REDIRECT] 	at org.eclipse.swt.browser.WebKit.Proc(WebKit.java:530)
2026-10-06 12:34:01,393 [ERROR] LogOutputStream:75 - [STDERR_REDIRECT] 	at org.eclipse.swt.internal.gtk3.GTK3.gtk_main_iteration_do(Native Method)
2026-10-06 12:34:01,395 [ERROR] LogOutputStream:75 - [STDERR_REDIRECT] 	at org.eclipse.swt.widgets.Display.readAndDispatch(Display.java:4514)
2026-10-06 12:34:01,396 [ERROR] LogOutputStream:75 - [STDERR_REDIRECT] 	at org.eclipse.e4.ui.internal.workbench.swt.PartRenderingEngine$5.run(PartRenderingEngine.java:1151)
2026-10-06 12:34:01,397 [ERROR] LogOutputStream:75 - [STDERR_REDIRECT] 	at org.eclipse.core.databinding.observable.Realm.runWithDefault(Realm.java:339)
2026-10-06 12:34:01,398 [ERROR] LogOutputStream:75 - [STDERR_REDIRECT] 	at org.eclipse.e4.ui.internal.workbench.swt.PartRenderingEngine.run(PartRenderingEngine.java:1042)
2026-10-06 12:34:01,399 [ERROR] LogOutputStream:75 - [STDERR_REDIRECT] 	at org.eclipse.e4.ui.internal.workbench.E4Workbench.createAndRunUI(E4Workbench.java:153)
2026-10-06 12:34:01,401 [ERROR] LogOutputStream:75 - [STDERR_REDIRECT] 	at org.eclipse.ui.internal.Workbench.lambda$3(Workbench.java:639)
2026-10-06 12:34:01,402 [ERROR] LogOutputStream:75 - [STDERR_REDIRECT] 	at org.eclipse.core.databinding.observable.Realm.runWithDefault(Realm.java:339)
2026-10-06 12:34:01,403 [ERROR] LogOutputStream:75 - [STDERR_REDIRECT] 	at org.eclipse.ui.internal.Workbench.createAndRunWorkbench(Workbench.java:546)
2026-10-06 12:34:01,404 [ERROR] LogOutputStream:75 - [STDERR_REDIRECT] 	at org.eclipse.ui.PlatformUI.createAndRunWorkbench(PlatformUI.java:173)
2026-10-06 12:34:01,405 [ERROR] LogOutputStream:75 - [STDERR_REDIRECT] 	at org.eclipse.ui.internal.ide.application.IDEApplication.start(IDEApplication.java:152)
2026-10-06 12:34:01,406 [ERROR] LogOutputStream:75 - [STDERR_REDIRECT] 	at org.eclipse.equinox.internal.app.EclipseAppHandle.run(EclipseAppHandle.java:208)
2026-10-06 12:34:01,407 [ERROR] LogOutputStream:75 - [STDERR_REDIRECT] 	at org.eclipse.core.runtime.internal.adaptor.EclipseAppLauncher.runApplication(EclipseAppLauncher.java:143)
2026-10-06 12:34:01,408 [ERROR] LogOutputStream:75 - [STDERR_REDIRECT] 	at org.eclipse.core.runtime.internal.adaptor.EclipseAppLauncher.start(EclipseAppLauncher.java:109)
2026-10-06 12:34:01,409 [ERROR] LogOutputStream:75 - [STDERR_REDIRECT] 	at org.eclipse.core.runtime.adaptor.EclipseStarter.run(EclipseStarter.java:439)
2026-10-06 12:34:01,410 [ERROR] LogOutputStream:75 - [STDERR_REDIRECT] 	at org.eclipse.core.runtime.adaptor.EclipseStarter.run(EclipseStarter.java:271)
2026-10-06 12:34:01,411 [ERROR] LogOutputStream:75 - [STDERR_REDIRECT] 	at java.base/jdk.internal.reflect.DirectMethodHandleAccessor.invoke(DirectMethodHandleAccessor.java:103)
2026-10-06 12:34:01,413 [ERROR] LogOutputStream:75 - [STDERR_REDIRECT] 	at java.base/java.lang.reflect.Method.invoke(Method.java:580)
2026-10-06 12:34:01,414 [ERROR] LogOutputStream:75 - [STDERR_REDIRECT] 	at org.eclipse.equinox.launcher.Main.invokeFramework(Main.java:668)
2026-10-06 12:34:01,415 [ERROR] LogOutputStream:75 - [STDERR_REDIRECT] 	at org.eclipse.equinox.launcher.Main.basicRun(Main.java:605)
2026-10-06 12:34:01,416 [ERROR] LogOutputStream:75 - [STDERR_REDIRECT] 	at org.eclipse.equinox.launcher.Main.run(Main.java:1481)
2026-10-06 12:34:01,417 [ERROR] LogOutputStream:75 - [STDERR_REDIRECT] 	at org.eclipse.equinox.launcher.Main.main(Main.java:1454)
2026-10-06 12:34:01,580 [ERROR] LogOutputStream:75 - [STDERR_REDIRECT] java.net.URISyntaxException: Illegal character in path at index 32: file:/home/akhilesh/Documents/MY EMBEDDED PROJECTS/RTOS DEVELOPMENT/RTOS_Workspace/.metadata/.log4j2.xml
2026-10-06 12:34:01,581 [ERROR] LogOutputStream:75 - [STDERR_REDIRECT] 	at java.base/java.net.URI$Parser.fail(URI.java:2995)
2026-10-06 12:34:01,583 [ERROR] LogOutputStream:75 - [STDERR_REDIRECT] 	at java.base/java.net.URI$Parser.checkChars(URI.java:3166)
2026-10-06 12:34:01,584 [ERROR] LogOutputStream:75 - [STDERR_REDIRECT] 	at java.base/java.net.URI$Parser.parseHierarchical(URI.java:3248)
2026-10-06 12:34:01,585 [ERROR] LogOutputStream:75 - [STDERR_REDIRECT] 	at java.base/java.net.URI$Parser.parse(URI.java:3196)
2026-10-06 12:34:01,586 [ERROR] LogOutputStream:75 - [STDERR_REDIRECT] 	at java.base/java.net.URI.<init>(URI.java:645)
2026-10-06 12:34:01,587 [ERROR] LogOutputStream:75 - [STDERR_REDIRECT] 	at java.base/java.net.URL.toURI(URL.java:1220)
2026-10-06 12:34:01,589 [ERROR] LogOutputStream:75 - [STDERR_REDIRECT] 	at com.st.stm32cube.common.mx.core.CubeMxInstance.getInstance(CubeMxInstance.java:81)
2026-10-06 12:34:01,590 [ERROR] LogOutputStream:75 - [STDERR_REDIRECT] 	at com.st.stm32cube.common.mx.userauth.UserAuthAdapter.<init>(UserAuthAdapter.java:25)
2026-10-06 12:34:01,591 [ERROR] LogOutputStream:75 - [STDERR_REDIRECT] 	at com.st.stm32cube.common.mx.userauth.UserAuthProvider.getUserAuthAdapter(UserAuthProvider.java:16)
2026-10-06 12:34:01,593 [ERROR] LogOutputStream:75 - [STDERR_REDIRECT] 	at com.st.stm32cube.common.ecosystemintegration.ui.core.MCUEcoSystemIntegrationUiHelper.getUserAuth(MCUEcoSystemIntegrationUiHelper.java:100)
2026-10-06 12:34:01,594 [ERROR] LogOutputStream:75 - [STDERR_REDIRECT] 	at com.st.stm32cube.ide.mcu.userauth.UserAuthStartup.earlyStartup(UserAuthStartup.java:32)
2026-10-06 12:34:01,595 [ERROR] LogOutputStream:75 - [STDERR_REDIRECT] 	at org.eclipse.ui.internal.EarlyStartupRunnable.runEarlyStartup(EarlyStartupRunnable.java:79)
2026-10-06 12:34:01,596 [ERROR] LogOutputStream:75 - [STDERR_REDIRECT] 	at org.eclipse.ui.internal.EarlyStartupRunnable.run(EarlyStartupRunnable.java:55)
2026-10-06 12:34:01,598 [ERROR] LogOutputStream:75 - [STDERR_REDIRECT] 	at org.eclipse.core.runtime.SafeRunner.run(SafeRunner.java:47)
2026-10-06 12:34:01,599 [ERROR] LogOutputStream:75 - [STDERR_REDIRECT] 	at org.eclipse.ui.internal.Workbench$39.run(Workbench.java:2733)
2026-10-06 12:34:01,601 [ERROR] LogOutputStream:75 - [STDERR_REDIRECT] 	at org.eclipse.core.internal.jobs.Worker.run(Worker.java:63)
2026-10-06 12:34:07,486 [ERROR] LogOutputStream:75 - [STDERR_REDIRECT] Oct 06, 2026 12:34:07 PM java.util.prefs.FileSystemPreferences$2 run
2026-10-06 12:34:07,486 [ERROR] LogOutputStream:75 - [STDERR_REDIRECT] WARNING: Could not create system preferences directory. System preferences are unusable.
2026-10-06 12:34:07,487 [ERROR] LogOutputStream:75 - [STDERR_REDIRECT] 
2026-10-06 12:34:29,478 [ERROR] LogOutputStream:75 - [STDERR_REDIRECT] java.lang.NullPointerException: Cannot invoke "com.st.stm32cube.common.mx.targetselector.IdeMcuFinder.getBoard()" because "this.mcuFinder" is null
2026-10-06 12:34:29,478 [ERROR] LogOutputStream:75 - [STDERR_REDIRECT] 	at com.st.stm32cube.common.mx.targetselector.TargetSelectorAdapter.getBoard(TargetSelectorAdapter.java:372)
2026-10-06 12:34:29,479 [ERROR] LogOutputStream:75 - [STDERR_REDIRECT] 	at com.st.stm32cube.common.projectcreation.ui.wizard.TargetSetupPageAbstract.getSelectedTargetName(TargetSetupPageAbstract.java:462)
2026-10-06 12:34:29,480 [ERROR] LogOutputStream:75 - [STDERR_REDIRECT] 	at com.st.stm32cube.common.projectcreation.ui.wizard.ProjectSetupPageAbstract.getTargetObject(ProjectSetupPageAbstract.java:1105)
2026-10-06 12:34:29,480 [ERROR] LogOutputStream:75 - [STDERR_REDIRECT] 	at com.st.stm32cube.common.projectcreation.ui.projectStructure.ProjectStructureCompositeFactory.createProjectStructureComposite(ProjectStructureCompositeFactory.java:22)
2026-10-06 12:34:29,481 [ERROR] LogOutputStream:75 - [STDERR_REDIRECT] 	at com.st.stm32cube.common.projectcreation.ui.wizard.ProjectSetupPageAbstract.createControl(ProjectSetupPageAbstract.java:388)
2026-10-06 12:34:29,481 [ERROR] LogOutputStream:75 - [STDERR_REDIRECT] 	at org.eclipse.jface.wizard.Wizard.createPageControls(Wizard.java:180)
2026-10-06 12:34:29,481 [ERROR] LogOutputStream:75 - [STDERR_REDIRECT] 	at org.eclipse.jface.wizard.WizardDialog.createPageControls(WizardDialog.java:744)
2026-10-06 12:34:29,482 [ERROR] LogOutputStream:75 - [STDERR_REDIRECT] 	at org.eclipse.jface.wizard.WizardDialog.createContents(WizardDialog.java:637)
2026-10-06 12:34:29,482 [ERROR] LogOutputStream:75 - [STDERR_REDIRECT] 	at org.eclipse.jface.window.Window.create(Window.java:431)
2026-10-06 12:34:29,483 [ERROR] LogOutputStream:75 - [STDERR_REDIRECT] 	at org.eclipse.jface.dialogs.Dialog.create(Dialog.java:1092)
2026-10-06 12:34:29,483 [ERROR] LogOutputStream:75 - [STDERR_REDIRECT] 	at org.eclipse.jface.window.Window.open(Window.java:788)
2026-10-06 12:34:29,484 [ERROR] LogOutputStream:75 - [STDERR_REDIRECT] 	at com.st.stm32cube.ide.mcu.informationcenter.WelcomePageAction.run(WelcomePageAction.java:54)
2026-10-06 12:34:29,485 [ERROR] LogOutputStream:75 - [STDERR_REDIRECT] 	at org.eclipse.ui.internal.intro.impl.model.url.IntroURL.runAction(IntroURL.java:272)
2026-10-06 12:34:29,485 [ERROR] LogOutputStream:75 - [STDERR_REDIRECT] 	at org.eclipse.ui.internal.intro.impl.model.url.IntroURL.doExecute(IntroURL.java:187)
2026-10-06 12:34:29,485 [ERROR] LogOutputStream:75 - [STDERR_REDIRECT] 	at org.eclipse.ui.internal.intro.impl.model.url.IntroURL.lambda$0(IntroURL.java:142)
2026-10-06 12:34:29,486 [ERROR] LogOutputStream:75 - [STDERR_REDIRECT] 	at org.eclipse.swt.custom.BusyIndicator.showWhile(BusyIndicator.java:67)
2026-10-06 12:34:29,486 [ERROR] LogOutputStream:75 - [STDERR_REDIRECT] 	at org.eclipse.ui.internal.intro.impl.model.url.IntroURL.execute(IntroURL.java:142)
2026-10-06 12:34:29,487 [ERROR] LogOutputStream:75 - [STDERR_REDIRECT] 	at org.eclipse.ui.internal.intro.impl.presentations.BrowserIntroPartLocationListener.changing(BrowserIntroPartLocationListener.java:130)
2026-10-06 12:34:29,487 [ERROR] LogOutputStream:75 - [STDERR_REDIRECT] 	at org.eclipse.swt.browser.WebKit.webkit_decide_policy(WebKit.java:2300)
2026-10-06 12:34:29,488 [ERROR] LogOutputStream:75 - [STDERR_REDIRECT] 	at org.eclipse.swt.browser.WebKit.webViewProc(WebKit.java:609)
2026-10-06 12:34:29,489 [ERROR] LogOutputStream:75 - [STDERR_REDIRECT] 	at org.eclipse.swt.browser.WebKit.Proc(WebKit.java:530)
2026-10-06 12:34:29,489 [ERROR] LogOutputStream:75 - [STDERR_REDIRECT] 	at org.eclipse.swt.internal.gtk3.GTK3.gtk_main_iteration_do(Native Method)
2026-10-06 12:34:29,490 [ERROR] LogOutputStream:75 - [STDERR_REDIRECT] 	at org.eclipse.swt.widgets.Display.readAndDispatch(Display.java:4514)
2026-10-06 12:34:29,491 [ERROR] LogOutputStream:75 - [STDERR_REDIRECT] 	at com.st.stm32cube.common.mx.oss.core.awtswtbridge.SwtInputBlocker.open(SwtInputBlocker.java:55)
2026-10-06 12:34:29,491 [ERROR] LogOutputStream:75 - [STDERR_REDIRECT] 	at com.st.stm32cube.common.mx.oss.core.awtswtbridge.SwtInputBlocker.block(SwtInputBlocker.java:111)
2026-10-06 12:34:29,492 [ERROR] LogOutputStream:75 - [STDERR_REDIRECT] 	at com.st.stm32cube.common.mx.oss.core.awtswtbridge.AwtEnvironment.invokeAwt(AwtEnvironment.java:179)
2026-10-06 12:34:29,492 [ERROR] LogOutputStream:75 - [STDERR_REDIRECT] 	at com.st.stm32cube.common.mx.oss.core.awtswtbridge.AwtEnvironment.invokeAwtAndBlockSwt(AwtEnvironment.java:206)
2026-10-06 12:34:29,492 [ERROR] LogOutputStream:75 - [STDERR_REDIRECT] 	at com.st.stm32cube.common.mx.targetselector.TargetSelectorAdapter.launchMCUFinder(TargetSelectorAdapter.java:233)
2026-10-06 12:34:29,493 [ERROR] LogOutputStream:75 - [STDERR_REDIRECT] 	at com.st.stm32cube.common.mx.targetselector.TargetSelectorAdapter.addTargetSelector(TargetSelectorAdapter.java:181)
2026-10-06 12:34:29,493 [ERROR] LogOutputStream:75 - [STDERR_REDIRECT] 	at com.st.stm32cube.common.projectcreation.ui.wizard.TargetSetupPageAbstract.createControl(TargetSetupPageAbstract.java:131)
2026-10-06 12:34:29,494 [ERROR] LogOutputStream:75 - [STDERR_REDIRECT] 	at org.eclipse.jface.wizard.Wizard.createPageControls(Wizard.java:180)
2026-10-06 12:34:29,494 [ERROR] LogOutputStream:75 - [STDERR_REDIRECT] 	at org.eclipse.jface.wizard.WizardDialog.createPageControls(WizardDialog.java:744)
2026-10-06 12:34:29,495 [ERROR] LogOutputStream:75 - [STDERR_REDIRECT] 	at org.eclipse.jface.wizard.WizardDialog.createContents(WizardDialog.java:637)
2026-10-06 12:34:29,495 [ERROR] LogOutputStream:75 - [STDERR_REDIRECT] 	at org.eclipse.jface.window.Window.create(Window.java:431)
2026-10-06 12:34:29,495 [ERROR] LogOutputStream:75 - [STDERR_REDIRECT] 	at org.eclipse.jface.dialogs.Dialog.create(Dialog.java:1092)
2026-10-06 12:34:29,496 [ERROR] LogOutputStream:75 - [STDERR_REDIRECT] 	at org.eclipse.jface.window.Window.open(Window.java:788)
2026-10-06 12:34:29,496 [ERROR] LogOutputStream:75 - [STDERR_REDIRECT] 	at com.st.stm32cube.ide.mcu.informationcenter.WelcomePageAction.run(WelcomePageAction.java:54)
2026-10-06 12:34:29,496 [ERROR] LogOutputStream:75 - [STDERR_REDIRECT] 	at org.eclipse.ui.internal.intro.impl.model.url.IntroURL.runAction(IntroURL.java:272)
2026-10-06 12:34:29,497 [ERROR] LogOutputStream:75 - [STDERR_REDIRECT] 	at org.eclipse.ui.internal.intro.impl.model.url.IntroURL.doExecute(IntroURL.java:187)
2026-10-06 12:34:29,497 [ERROR] LogOutputStream:75 - [STDERR_REDIRECT] 	at org.eclipse.ui.internal.intro.impl.model.url.IntroURL.lambda$0(IntroURL.java:142)
2026-10-06 12:34:29,499 [ERROR] LogOutputStream:75 - [STDERR_REDIRECT] 	at org.eclipse.swt.custom.BusyIndicator.showWhile(BusyIndicator.java:67)
2026-10-06 12:34:29,500 [ERROR] LogOutputStream:75 - [STDERR_REDIRECT] 	at org.eclipse.ui.internal.intro.impl.model.url.IntroURL.execute(IntroURL.java:142)
2026-10-06 12:34:29,500 [ERROR] LogOutputStream:75 - [STDERR_REDIRECT] 	at org.eclipse.ui.internal.intro.impl.presentations.BrowserIntroPartLocationListener.changing(BrowserIntroPartLocationListener.java:130)
2026-10-06 12:34:29,501 [ERROR] LogOutputStream:75 - [STDERR_REDIRECT] 	at org.eclipse.swt.browser.WebKit.webkit_decide_policy(WebKit.java:2300)
2026-10-06 12:34:29,501 [ERROR] LogOutputStream:75 - [STDERR_REDIRECT] 	at org.eclipse.swt.browser.WebKit.webViewProc(WebKit.java:609)
2026-10-06 12:34:29,501 [ERROR] LogOutputStream:75 - [STDERR_REDIRECT] 	at org.eclipse.swt.browser.WebKit.Proc(WebKit.java:530)
2026-10-06 12:34:29,502 [ERROR] LogOutputStream:75 - [STDERR_REDIRECT] 	at org.eclipse.swt.internal.gtk3.GTK3.gtk_main_iteration_do(Native Method)
2026-10-06 12:34:29,502 [ERROR] LogOutputStream:75 - [STDERR_REDIRECT] 	at org.eclipse.swt.widgets.Display.readAndDispatch(Display.java:4514)
2026-10-06 12:34:29,502 [ERROR] LogOutputStream:75 - [STDERR_REDIRECT] 	at org.eclipse.e4.ui.internal.workbench.swt.PartRenderingEngine$5.run(PartRenderingEngine.java:1151)
2026-10-06 12:34:29,502 [ERROR] LogOutputStream:75 - [STDERR_REDIRECT] 	at org.eclipse.core.databinding.observable.Realm.runWithDefault(Realm.java:339)
2026-10-06 12:34:29,503 [ERROR] LogOutputStream:75 - [STDERR_REDIRECT] 	at org.eclipse.e4.ui.internal.workbench.swt.PartRenderingEngine.run(PartRenderingEngine.java:1042)
2026-10-06 12:34:29,504 [ERROR] LogOutputStream:75 - [STDERR_REDIRECT] 	at org.eclipse.e4.ui.internal.workbench.E4Workbench.createAndRunUI(E4Workbench.java:153)
2026-10-06 12:34:29,505 [ERROR] LogOutputStream:75 - [STDERR_REDIRECT] 	at org.eclipse.ui.internal.Workbench.lambda$3(Workbench.java:639)
2026-10-06 12:34:29,505 [ERROR] LogOutputStream:75 - [STDERR_REDIRECT] 	at org.eclipse.core.databinding.observable.Realm.runWithDefault(Realm.java:339)
2026-10-06 12:34:29,506 [ERROR] LogOutputStream:75 - [STDERR_REDIRECT] 	at org.eclipse.ui.internal.Workbench.createAndRunWorkbench(Workbench.java:546)
2026-10-06 12:34:29,507 [ERROR] LogOutputStream:75 - [STDERR_REDIRECT] 	at org.eclipse.ui.PlatformUI.createAndRunWorkbench(PlatformUI.java:173)
2026-10-06 12:34:29,507 [ERROR] LogOutputStream:75 - [STDERR_REDIRECT] 	at org.eclipse.ui.internal.ide.application.IDEApplication.start(IDEApplication.java:152)
2026-10-06 12:34:29,507 [ERROR] LogOutputStream:75 - [STDERR_REDIRECT] 	at org.eclipse.equinox.internal.app.EclipseAppHandle.run(EclipseAppHandle.java:208)
2026-10-06 12:34:29,508 [ERROR] LogOutputStream:75 - [STDERR_REDIRECT] 	at org.eclipse.core.runtime.internal.adaptor.EclipseAppLauncher.runApplication(EclipseAppLauncher.java:143)
2026-10-06 12:34:29,508 [ERROR] LogOutputStream:75 - [STDERR_REDIRECT] 	at org.eclipse.core.runtime.internal.adaptor.EclipseAppLauncher.start(EclipseAppLauncher.java:109)
2026-10-06 12:34:29,509 [ERROR] LogOutputStream:75 - [STDERR_REDIRECT] 	at org.eclipse.core.runtime.adaptor.EclipseStarter.run(EclipseStarter.java:439)
2026-10-06 12:34:29,509 [ERROR] LogOutputStream:75 - [STDERR_REDIRECT] 	at org.eclipse.core.runtime.adaptor.EclipseStarter.run(EclipseStarter.java:271)
2026-10-06 12:34:29,510 [ERROR] LogOutputStream:75 - [STDERR_REDIRECT] 	at java.base/jdk.internal.reflect.DirectMethodHandleAccessor.invoke(DirectMethodHandleAccessor.java:103)
2026-10-06 12:34:29,510 [ERROR] LogOutputStream:75 - [STDERR_REDIRECT] 	at java.base/java.lang.reflect.Method.invoke(Method.java:580)
2026-10-06 12:34:29,511 [ERROR] LogOutputStream:75 - [STDERR_REDIRECT] 	at org.eclipse.equinox.launcher.Main.invokeFramework(Main.java:668)
2026-10-06 12:34:29,511 [ERROR] LogOutputStream:75 - [STDERR_REDIRECT] 	at org.eclipse.equinox.launcher.Main.basicRun(Main.java:605)
2026-10-06 12:34:29,512 [ERROR] LogOutputStream:75 - [STDERR_REDIRECT] 	at org.eclipse.equinox.launcher.Main.run(Main.java:1481)
2026-10-06 12:34:29,512 [ERROR] LogOutputStream:75 - [STDERR_REDIRECT] 	at org.eclipse.equinox.launcher.Main.main(Main.java:1454)
2026-10-06 12:34:38,709 [ERROR] LogOutputStream:75 - [STDERR_REDIRECT] Oct 06, 2026 12:34:38 PM java.util.prefs.FileSystemPreferences checkLockFile0ErrorCode
2026-10-06 12:34:38,712 [ERROR] LogOutputStream:75 - [STDERR_REDIRECT] WARNING: Could not lock System prefs. Unix error code 2.
2026-10-06 12:34:38,712 [ERROR] LogOutputStream:75 - [STDERR_REDIRECT] 
2026-10-06 12:34:38,714 [ERROR] LogOutputStream:75 - [STDERR_REDIRECT] Oct 06, 2026 12:34:38 PM java.util.prefs.FileSystemPreferences syncWorld
2026-10-06 12:34:38,715 [ERROR] LogOutputStream:75 - [STDERR_REDIRECT] WARNING: Couldn't flush system prefs: java.util.prefs.BackingStoreException: Couldn't get file lock.
2026-10-06 12:34:38,716 [ERROR] LogOutputStream:75 - [STDERR_REDIRECT] 
2026-10-06 12:35:08,726 [ERROR] LogOutputStream:75 - [STDERR_REDIRECT] Oct 06, 2026 12:35:08 PM java.util.prefs.FileSystemPreferences checkLockFile0ErrorCode
2026-10-06 12:35:08,727 [ERROR] LogOutputStream:75 - [STDERR_REDIRECT] WARNING: Could not lock System prefs. Unix error code 2.
2026-10-06 12:35:08,727 [ERROR] LogOutputStream:75 - [STDERR_REDIRECT] 
2026-10-06 12:35:08,730 [ERROR] LogOutputStream:75 - [STDERR_REDIRECT] Oct 06, 2026 12:35:08 PM java.util.prefs.FileSystemPreferences syncWorld
2026-10-06 12:35:08,730 [ERROR] LogOutputStream:75 - [STDERR_REDIRECT] WARNING: Couldn't flush system prefs: java.util.prefs.BackingStoreException: Couldn't get file lock.
2026-10-06 12:35:08,731 [ERROR] LogOutputStream:75 - [STDERR_REDIRECT] 
2026-10-06 12:35:38,723 [ERROR] LogOutputStream:75 - [STDERR_REDIRECT] Oct 06, 2026 12:35:38 PM java.util.prefs.FileSystemPreferences checkLockFile0ErrorCode
2026-10-06 12:35:38,723 [ERROR] LogOutputStream:75 - [STDERR_REDIRECT] WARNING: Could not lock System prefs. Unix error code 2.
2026-10-06 12:35:38,723 [ERROR] LogOutputStream:75 - [STDERR_REDIRECT] 
2026-10-06 12:35:38,724 [ERROR] LogOutputStream:75 - [STDERR_REDIRECT] Oct 06, 2026 12:35:38 PM java.util.prefs.FileSystemPreferences syncWorld
2026-10-06 12:35:38,724 [ERROR] LogOutputStream:75 - [STDERR_REDIRECT] WARNING: Couldn't flush system prefs: java.util.prefs.BackingStoreException: Couldn't get file lock.
2026-10-06 12:35:38,724 [ERROR] LogOutputStream:75 - [STDERR_REDIRECT] 
2026-10-06 12:36:08,708 [ERROR] LogOutputStream:75 - [STDERR_REDIRECT] Oct 06, 2026 12:36:08 PM java.util.prefs.FileSystemPreferences checkLockFile0ErrorCode
2026-10-06 12:36:08,708 [ERROR] LogOutputStream:75 - [STDERR_REDIRECT] WARNING: Could not lock System prefs. Unix error code 2.
2026-10-06 12:36:08,708 [ERROR] LogOutputStream:75 - [STDERR_REDIRECT] 
2026-10-06 12:36:08,711 [ERROR] LogOutputStream:75 - [STDERR_REDIRECT] Oct 06, 2026 12:36:08 PM java.util.prefs.FileSystemPreferences syncWorld
2026-10-06 12:36:08,711 [ERROR] LogOutputStream:75 - [STDERR_REDIRECT] WARNING: Couldn't flush system prefs: java.util.prefs.BackingStoreException: Couldn't get file lock.
2026-10-06 12:36:08,711 [ERROR] LogOutputStream:75 - [STDERR_REDIRECT] 
2026-10-06 12:36:38,708 [ERROR] LogOutputStream:75 - [STDERR_REDIRECT] Oct 06, 2026 12:36:38 PM java.util.prefs.FileSystemPreferences checkLockFile0ErrorCode
2026-10-06 12:36:38,708 [ERROR] LogOutputStream:75 - [STDERR_REDIRECT] WARNING: Could not lock System prefs. Unix error code 2.
2026-10-06 12:36:38,708 [ERROR] LogOutputStream:75 - [STDERR_REDIRECT] 
2026-10-06 12:36:38,709 [ERROR] LogOutputStream:75 - [STDERR_REDIRECT] Oct 06, 2026 12:36:38 PM java.util.prefs.FileSystemPreferences syncWorld
2026-10-06 12:36:38,709 [ERROR] LogOutputStream:75 - [STDERR_REDIRECT] WARNING: Couldn't flush system prefs: java.util.prefs.BackingStoreException: Couldn't get file lock.
2026-10-06 12:36:38,710 [ERROR] LogOutputStream:75 - [STDERR_REDIRECT] 
2026-10-06 12:37:08,708 [ERROR] LogOutputStream:75 - [STDERR_REDIRECT] Oct 06, 2026 12:37:08 PM java.util.prefs.FileSystemPreferences checkLockFile0ErrorCode
2026-10-06 12:37:08,709 [ERROR] LogOutputStream:75 - [STDERR_REDIRECT] WARNING: Could not lock System prefs. Unix error code 2.
2026-10-06 12:37:08,709 [ERROR] LogOutputStream:75 - [STDERR_REDIRECT] 
2026-10-06 12:37:08,710 [ERROR] LogOutputStream:75 - [STDERR_REDIRECT] Oct 06, 2026 12:37:08 PM java.util.prefs.FileSystemPreferences syncWorld
2026-10-06 12:37:08,710 [ERROR] LogOutputStream:75 - [STDERR_REDIRECT] WARNING: Couldn't flush system prefs: java.util.prefs.BackingStoreException: Couldn't get file lock.
2026-10-06 12:37:08,711 [ERROR] LogOutputStream:75 - [STDERR_REDIRECT] 
2026-10-06 12:37:38,709 [ERROR] LogOutputStream:75 - [STDERR_REDIRECT] Oct 06, 2026 12:37:38 PM java.util.prefs.FileSystemPreferences checkLockFile0ErrorCode
2026-10-06 12:37:38,711 [ERROR] LogOutputStream:75 - [STDERR_REDIRECT] WARNING: Could not lock System prefs. Unix error code 2.
2026-10-06 12:37:38,712 [ERROR] LogOutputStream:75 - [STDERR_REDIRECT] 
2026-10-06 12:37:38,712 [ERROR] LogOutputStream:75 - [STDERR_REDIRECT] Oct 06, 2026 12:37:38 PM java.util.prefs.FileSystemPreferences syncWorld
2026-10-06 12:37:38,713 [ERROR] LogOutputStream:75 - [STDERR_REDIRECT] WARNING: Couldn't flush system prefs: java.util.prefs.BackingStoreException: Couldn't get file lock.
2026-10-06 12:37:38,713 [ERROR] LogOutputStream:75 - [STDERR_REDIRECT] 
2026-10-06 12:38:08,707 [ERROR] LogOutputStream:75 - [STDERR_REDIRECT] Oct 06, 2026 12:38:08 PM java.util.prefs.FileSystemPreferences checkLockFile0ErrorCode
2026-10-06 12:38:08,707 [ERROR] LogOutputStream:75 - [STDERR_REDIRECT] WARNING: Could not lock System prefs. Unix error code 2.
2026-10-06 12:38:08,708 [ERROR] LogOutputStream:75 - [STDERR_REDIRECT] 
2026-10-06 12:38:08,709 [ERROR] LogOutputStream:75 - [STDERR_REDIRECT] Oct 06, 2026 12:38:08 PM java.util.prefs.FileSystemPreferences syncWorld
2026-10-06 12:38:08,709 [ERROR] LogOutputStream:75 - [STDERR_REDIRECT] WARNING: Couldn't flush system prefs: java.util.prefs.BackingStoreException: Couldn't get file lock.
2026-10-06 12:38:08,710 [ERROR] LogOutputStream:75 - [STDERR_REDIRECT] 
2026-10-06 12:38:38,708 [ERROR] LogOutputStream:75 - [STDERR_REDIRECT] Oct 06, 2026 12:38:38 PM java.util.prefs.FileSystemPreferences checkLockFile0ErrorCode
2026-10-06 12:38:38,709 [ERROR] LogOutputStream:75 - [STDERR_REDIRECT] WARNING: Could not lock System prefs. Unix error code 2.
2026-10-06 12:38:38,709 [ERROR] LogOutputStream:75 - [STDERR_REDIRECT] 
2026-10-06 12:38:38,710 [ERROR] LogOutputStream:75 - [STDERR_REDIRECT] Oct 06, 2026 12:38:38 PM java.util.prefs.FileSystemPreferences syncWorld
2026-10-06 12:38:38,711 [ERROR] LogOutputStream:75 - [STDERR_REDIRECT] WARNING: Couldn't flush system prefs: java.util.prefs.BackingStoreException: Couldn't get file lock.
2026-10-06 12:38:38,711 [ERROR] LogOutputStream:75 - [STDERR_REDIRECT] 
2026-10-06 12:39:08,708 [ERROR] LogOutputStream:75 - [STDERR_REDIRECT] Oct 06, 2026 12:39:08 PM java.util.prefs.FileSystemPreferences checkLockFile0ErrorCode
2026-10-06 12:39:08,708 [ERROR] LogOutputStream:75 - [STDERR_REDIRECT] WARNING: Could not lock System prefs. Unix error code 2.
2026-10-06 12:39:08,708 [ERROR] LogOutputStream:75 - [STDERR_REDIRECT] 
2026-10-06 12:39:08,709 [ERROR] LogOutputStream:75 - [STDERR_REDIRECT] Oct 06, 2026 12:39:08 PM java.util.prefs.FileSystemPreferences syncWorld
2026-10-06 12:39:08,710 [ERROR] LogOutputStream:75 - [STDERR_REDIRECT] WARNING: Couldn't flush system prefs: java.util.prefs.BackingStoreException: Couldn't get file lock.
2026-10-06 12:39:08,710 [ERROR] LogOutputStream:75 - [STDERR_REDIRECT] 
2026-10-06 12:39:38,708 [ERROR] LogOutputStream:75 - [STDERR_REDIRECT] Oct 06, 2026 12:39:38 PM java.util.prefs.FileSystemPreferences checkLockFile0ErrorCode
2026-10-06 12:39:38,709 [ERROR] LogOutputStream:75 - [STDERR_REDIRECT] WARNING: Could not lock System prefs. Unix error code 2.
2026-10-06 12:39:38,709 [ERROR] LogOutputStream:75 - [STDERR_REDIRECT] 
2026-10-06 12:39:38,710 [ERROR] LogOutputStream:75 - [STDERR_REDIRECT] Oct 06, 2026 12:39:38 PM java.util.prefs.FileSystemPreferences syncWorld
2026-10-06 12:39:38,710 [ERROR] LogOutputStream:75 - [STDERR_REDIRECT] WARNING: Couldn't flush system prefs: java.util.prefs.BackingStoreException: Couldn't get file lock.
2026-10-06 12:39:38,710 [ERROR] LogOutputStream:75 - [STDERR_REDIRECT] 
2026-10-06 12:40:08,709 [ERROR] LogOutputStream:75 - [STDERR_REDIRECT] Oct 06, 2026 12:40:08 PM java.util.prefs.FileSystemPreferences checkLockFile0ErrorCode
2026-10-06 12:40:08,709 [ERROR] LogOutputStream:75 - [STDERR_REDIRECT] WARNING: Could not lock System prefs. Unix error code 2.
2026-10-06 12:40:08,710 [ERROR] LogOutputStream:75 - [STDERR_REDIRECT] 
2026-10-06 12:40:08,711 [ERROR] LogOutputStream:75 - [STDERR_REDIRECT] Oct 06, 2026 12:40:08 PM java.util.prefs.FileSystemPreferences syncWorld
2026-10-06 12:40:08,711 [ERROR] LogOutputStream:75 - [STDERR_REDIRECT] WARNING: Couldn't flush system prefs: java.util.prefs.BackingStoreException: Couldn't get file lock.
2026-10-06 12:40:08,712 [ERROR] LogOutputStream:75 - [STDERR_REDIRECT] 
2026-10-06 12:40:38,710 [ERROR] LogOutputStream:75 - [STDERR_REDIRECT] Oct 06, 2026 12:40:38 PM java.util.prefs.FileSystemPreferences checkLockFile0ErrorCode
2026-10-06 12:40:38,710 [ERROR] LogOutputStream:75 - [STDERR_REDIRECT] WARNING: Could not lock System prefs. Unix error code 2.
2026-10-06 12:40:38,711 [ERROR] LogOutputStream:75 - [STDERR_REDIRECT] 
2026-10-06 12:40:38,712 [ERROR] LogOutputStream:75 - [STDERR_REDIRECT] Oct 06, 2026 12:40:38 PM java.util.prefs.FileSystemPreferences syncWorld
2026-10-06 12:40:38,712 [ERROR] LogOutputStream:75 - [STDERR_REDIRECT] WARNING: Couldn't flush system prefs: java.util.prefs.BackingStoreException: Couldn't get file lock.
2026-10-06 12:40:38,712 [ERROR] LogOutputStream:75 - [STDERR_REDIRECT] 
2026-10-06 12:41:00,444 [INFO] LogOutputStream:77 - [STDOUT_REDIRECT] 1 : Invalid condition id : UX_CORESTACK_Condition cause : null
2026-10-06 12:41:00,447 [INFO] LogOutputStream:77 - [STDOUT_REDIRECT] 1 : Invalid condition id : UX_CORESTACK_Condition cause : null
2026-10-06 12:41:00,448 [INFO] LogOutputStream:77 - [STDOUT_REDIRECT] 1 : Invalid condition id : UX_CORESTACK_Condition cause : null
2026-10-06 12:41:00,449 [INFO] LogOutputStream:77 - [STDOUT_REDIRECT] 1 : Invalid condition id : UX_CORESTACK_Condition cause : null
2026-10-06 12:41:00,450 [INFO] LogOutputStream:77 - [STDOUT_REDIRECT] 1 : Invalid condition id : UX_CORESTACK_Condition cause : null
2026-10-06 12:41:08,710 [ERROR] LogOutputStream:75 - [STDERR_REDIRECT] Oct 06, 2026 12:41:08 PM java.util.prefs.FileSystemPreferences checkLockFile0ErrorCode
2026-10-06 12:41:08,711 [ERROR] LogOutputStream:75 - [STDERR_REDIRECT] WARNING: Could not lock System prefs. Unix error code 2.
2026-10-06 12:41:08,711 [ERROR] LogOutputStream:75 - [STDERR_REDIRECT] 
2026-10-06 12:41:08,712 [ERROR] LogOutputStream:75 - [STDERR_REDIRECT] Oct 06, 2026 12:41:08 PM java.util.prefs.FileSystemPreferences syncWorld
2026-10-06 12:41:08,712 [ERROR] LogOutputStream:75 - [STDERR_REDIRECT] WARNING: Couldn't flush system prefs: java.util.prefs.BackingStoreException: Couldn't get file lock.
2026-10-06 12:41:08,713 [ERROR] LogOutputStream:75 - [STDERR_REDIRECT] 
2026-10-06 12:41:38,717 [ERROR] LogOutputStream:75 - [STDERR_REDIRECT] Oct 06, 2026 12:41:38 PM java.util.prefs.FileSystemPreferences checkLockFile0ErrorCode
2026-10-06 12:41:38,718 [ERROR] LogOutputStream:75 - [STDERR_REDIRECT] WARNING: Could not lock System prefs. Unix error code 2.
2026-10-06 12:41:38,718 [ERROR] LogOutputStream:75 - [STDERR_REDIRECT] 
2026-10-06 12:41:38,719 [ERROR] LogOutputStream:75 - [STDERR_REDIRECT] Oct 06, 2026 12:41:38 PM java.util.prefs.FileSystemPreferences syncWorld
2026-10-06 12:41:38,720 [ERROR] LogOutputStream:75 - [STDERR_REDIRECT] WARNING: Couldn't flush system prefs: java.util.prefs.BackingStoreException: Couldn't get file lock.
2026-10-06 12:41:38,720 [ERROR] LogOutputStream:75 - [STDERR_REDIRECT] 
2026-10-06 12:42:08,709 [ERROR] LogOutputStream:75 - [STDERR_REDIRECT] Oct 06, 2026 12:42:08 PM java.util.prefs.FileSystemPreferences checkLockFile0ErrorCode
2026-10-06 12:42:08,709 [ERROR] LogOutputStream:75 - [STDERR_REDIRECT] WARNING: Could not lock System prefs. Unix error code 2.
2026-10-06 12:42:08,709 [ERROR] LogOutputStream:75 - [STDERR_REDIRECT] 
2026-10-06 12:42:08,710 [ERROR] LogOutputStream:75 - [STDERR_REDIRECT] Oct 06, 2026 12:42:08 PM java.util.prefs.FileSystemPreferences syncWorld
2026-10-06 12:42:08,710 [ERROR] LogOutputStream:75 - [STDERR_REDIRECT] WARNING: Couldn't flush system prefs: java.util.prefs.BackingStoreException: Couldn't get file lock.
2026-10-06 12:42:08,710 [ERROR] LogOutputStream:75 - [STDERR_REDIRECT] 
2026-10-06 12:42:38,708 [ERROR] LogOutputStream:75 - [STDERR_REDIRECT] Oct 06, 2026 12:42:38 PM java.util.prefs.FileSystemPreferences checkLockFile0ErrorCode
2026-10-06 12:42:38,708 [ERROR] LogOutputStream:75 - [STDERR_REDIRECT] WARNING: Could not lock System prefs. Unix error code 2.
2026-10-06 12:42:38,708 [ERROR] LogOutputStream:75 - [STDERR_REDIRECT] 
2026-10-06 12:42:38,708 [ERROR] LogOutputStream:75 - [STDERR_REDIRECT] Oct 06, 2026 12:42:38 PM java.util.prefs.FileSystemPreferences syncWorld
2026-10-06 12:42:38,709 [ERROR] LogOutputStream:75 - [STDERR_REDIRECT] WARNING: Couldn't flush system prefs: java.util.prefs.BackingStoreException: Couldn't get file lock.
2026-10-06 12:42:38,709 [ERROR] LogOutputStream:75 - [STDERR_REDIRECT] 
2026-10-06 12:43:08,708 [ERROR] LogOutputStream:75 - [STDERR_REDIRECT] Oct 06, 2026 12:43:08 PM java.util.prefs.FileSystemPreferences checkLockFile0ErrorCode
2026-10-06 12:43:08,708 [ERROR] LogOutputStream:75 - [STDERR_REDIRECT] WARNING: Could not lock System prefs. Unix error code 2.
2026-10-06 12:43:08,708 [ERROR] LogOutputStream:75 - [STDERR_REDIRECT] 
2026-10-06 12:43:08,709 [ERROR] LogOutputStream:75 - [STDERR_REDIRECT] Oct 06, 2026 12:43:08 PM java.util.prefs.FileSystemPreferences syncWorld
2026-10-06 12:43:08,709 [ERROR] LogOutputStream:75 - [STDERR_REDIRECT] WARNING: Couldn't flush system prefs: java.util.prefs.BackingStoreException: Couldn't get file lock.
2026-10-06 12:43:08,710 [ERROR] LogOutputStream:75 - [STDERR_REDIRECT] 
2026-10-06 12:43:38,708 [ERROR] LogOutputStream:75 - [STDERR_REDIRECT] Oct 06, 2026 12:43:38 PM java.util.prefs.FileSystemPreferences checkLockFile0ErrorCode
2026-10-06 12:43:38,709 [ERROR] LogOutputStream:75 - [STDERR_REDIRECT] WARNING: Could not lock System prefs. Unix error code 2.
2026-10-06 12:43:38,709 [ERROR] LogOutputStream:75 - [STDERR_REDIRECT] 
2026-10-06 12:43:38,710 [ERROR] LogOutputStream:75 - [STDERR_REDIRECT] Oct 06, 2026 12:43:38 PM java.util.prefs.FileSystemPreferences syncWorld
2026-10-06 12:43:38,711 [ERROR] LogOutputStream:75 - [STDERR_REDIRECT] WARNING: Couldn't flush system prefs: java.util.prefs.BackingStoreException: Couldn't get file lock.
2026-10-06 12:43:38,711 [ERROR] LogOutputStream:75 - [STDERR_REDIRECT] 
2026-10-06 12:44:08,708 [ERROR] LogOutputStream:75 - [STDERR_REDIRECT] Oct 06, 2026 12:44:08 PM java.util.prefs.FileSystemPreferences checkLockFile0ErrorCode
2026-10-06 12:44:08,708 [ERROR] LogOutputStream:75 - [STDERR_REDIRECT] WARNING: Could not lock System prefs. Unix error code 2.
2026-10-06 12:44:08,708 [ERROR] LogOutputStream:75 - [STDERR_REDIRECT] 
2026-10-06 12:44:08,708 [ERROR] LogOutputStream:75 - [STDERR_REDIRECT] Oct 06, 2026 12:44:08 PM java.util.prefs.FileSystemPreferences syncWorld
2026-10-06 12:44:08,708 [ERROR] LogOutputStream:75 - [STDERR_REDIRECT] WARNING: Couldn't flush system prefs: java.util.prefs.BackingStoreException: Couldn't get file lock.
2026-10-06 12:44:08,709 [ERROR] LogOutputStream:75 - [STDERR_REDIRECT] 
2026-10-06 12:44:38,725 [ERROR] LogOutputStream:75 - [STDERR_REDIRECT] Oct 06, 2026 12:44:38 PM java.util.prefs.FileSystemPreferences checkLockFile0ErrorCode
2026-10-06 12:44:38,727 [ERROR] LogOutputStream:75 - [STDERR_REDIRECT] WARNING: Could not lock System prefs. Unix error code 2.
2026-10-06 12:44:38,728 [ERROR] LogOutputStream:75 - [STDERR_REDIRECT] 
2026-10-06 12:44:38,730 [ERROR] LogOutputStream:75 - [STDERR_REDIRECT] Oct 06, 2026 12:44:38 PM java.util.prefs.FileSystemPreferences syncWorld
2026-10-06 12:44:38,732 [ERROR] LogOutputStream:75 - [STDERR_REDIRECT] WARNING: Couldn't flush system prefs: java.util.prefs.BackingStoreException: Couldn't get file lock.
2026-10-06 12:44:38,734 [ERROR] LogOutputStream:75 - [STDERR_REDIRECT] 
2026-10-06 12:45:08,711 [ERROR] LogOutputStream:75 - [STDERR_REDIRECT] Oct 06, 2026 12:45:08 PM java.util.prefs.FileSystemPreferences checkLockFile0ErrorCode
2026-10-06 12:45:08,712 [ERROR] LogOutputStream:75 - [STDERR_REDIRECT] WARNING: Could not lock System prefs. Unix error code 2.
2026-10-06 12:45:08,713 [ERROR] LogOutputStream:75 - [STDERR_REDIRECT] 
2026-10-06 12:45:08,713 [ERROR] LogOutputStream:75 - [STDERR_REDIRECT] Oct 06, 2026 12:45:08 PM java.util.prefs.FileSystemPreferences syncWorld
2026-10-06 12:45:08,714 [ERROR] LogOutputStream:75 - [STDERR_REDIRECT] WARNING: Couldn't flush system prefs: java.util.prefs.BackingStoreException: Couldn't get file lock.
2026-10-06 12:45:08,714 [ERROR] LogOutputStream:75 - [STDERR_REDIRECT] 
2026-10-06 12:45:38,709 [ERROR] LogOutputStream:75 - [STDERR_REDIRECT] Oct 06, 2026 12:45:38 PM java.util.prefs.FileSystemPreferences checkLockFile0ErrorCode
2026-10-06 12:45:38,709 [ERROR] LogOutputStream:75 - [STDERR_REDIRECT] WARNING: Could not lock System prefs. Unix error code 2.
2026-10-06 12:45:38,709 [ERROR] LogOutputStream:75 - [STDERR_REDIRECT] 
2026-10-06 12:45:38,710 [ERROR] LogOutputStream:75 - [STDERR_REDIRECT] Oct 06, 2026 12:45:38 PM java.util.prefs.FileSystemPreferences syncWorld
2026-10-06 12:45:38,710 [ERROR] LogOutputStream:75 - [STDERR_REDIRECT] WARNING: Couldn't flush system prefs: java.util.prefs.BackingStoreException: Couldn't get file lock.
2026-10-06 12:45:38,710 [ERROR] LogOutputStream:75 - [STDERR_REDIRECT] 
2026-10-06 12:46:08,709 [ERROR] LogOutputStream:75 - [STDERR_REDIRECT] Oct 06, 2026 12:46:08 PM java.util.prefs.FileSystemPreferences checkLockFile0ErrorCode
2026-10-06 12:46:08,710 [ERROR] LogOutputStream:75 - [STDERR_REDIRECT] WARNING: Could not lock System prefs. Unix error code 2.
2026-10-06 12:46:08,710 [ERROR] LogOutputStream:75 - [STDERR_REDIRECT] 
2026-10-06 12:46:08,711 [ERROR] LogOutputStream:75 - [STDERR_REDIRECT] Oct 06, 2026 12:46:08 PM java.util.prefs.FileSystemPreferences syncWorld
2026-10-06 12:46:08,711 [ERROR] LogOutputStream:75 - [STDERR_REDIRECT] WARNING: Couldn't flush system prefs: java.util.prefs.BackingStoreException: Couldn't get file lock.
2026-10-06 12:46:08,711 [ERROR] LogOutputStream:75 - [STDERR_REDIRECT] 
